<html>
<body>
<pre>
<h1>µVision Build Log</h1>
<h2>Tool Versions:</h2>
IDE-Version: ¦ÌVision V5.27.0.0
Copyright (C) 2018 ARM Ltd and ARM Germany GmbH. All rights reserved.
License Information: Administrator,  , LIC=CZL01-C11V1-SB1EJ-URCJL-B1KV9-H3PGU
 
Tool Versions:
Toolchain:       MDK-ARM Plus  Version: 5.27.0.0
Toolchain Path:  D:\Keil_v5\ARM\ARMCC\Bin
C Compiler:      Armcc.exe V5.06 update 6 (build 750)
Assembler:       Armasm.exe V5.06 update 6 (build 750)
Linker/Locator:  ArmLink.exe V5.06 update 6 (build 750)
Library Manager: ArmAr.exe V5.06 update 6 (build 750)
Hex Converter:   FromElf.exe V5.06 update 6 (build 750)
CPU DLL:         SARMCM3.DLL V5.27.0.0
Dialog DLL:      DARMCM1.DLL V1.19.2.0
Target DLL:      Segger\JL2CM3.dll V2.99.34.0
Dialog DLL:      TARMCM1.DLL V1.14.1.0
 
<h2>Project:</h2>
E:\WORK\1.CS32\CS32_FreeRTOS\User_Project\cs32f0xx_demo.uvprojx
Project File Date:  12/04/2021

<h2>Output:</h2>
*** Using Compiler 'V5.06 update 6 (build 750)', folder: 'D:\Keil_v5\ARM\ARMCC\Bin'
Rebuild target 'cs32f0xx_start_demo'
compiling freertos.c...
compiling cs32f0xx_int.c...
compiling main.c...
compiling systick.c...
compiling tim.c...
compiling usart.c...
compiling bsp.c...
compiling iwdg.c...
compiling gpio.c...
compiling croutine.c...
compiling list.c...
compiling event_groups.c...
compiling queue.c...
compiling stream_buffer.c...
compiling tasks.c...
compiling timers.c...
compiling heap_4.c...
compiling cmsis_os.c...
compiling log.c...
compiling port.c...
compiling calibMeterMem.c...
compiling usrLib.c...
compiling breaker.c...
compiling currProtector.c...
compiling currProtectorLongDelay.c...
compiling currProtectorShortDelay.c...
compiling currProtectorShortInstant.c...
compiling memMgr.c...
compiling watchDogMonitor.c...
compiling breakerAdc.c...
..\Bsp\breakerAdc.c(313): warning:  #177-D: variable "tmp"  was declared but never referenced
      float tmp = 0;
..\Bsp\breakerAdc.c(751): warning:  #186-D: pointless comparison of unsigned integer with zero
  	if((ButtonAdcValue >= 0) && (ButtonAdcValue <=100))
..\Bsp\breakerAdc.c: 2 warnings, 0 errors
compiling cs32f0xx_adc.c...
compiling breakerIo.c...
compiling cs32f0xx_crc.c...
compiling cs32f0xx_debug.c...
compiling cs32f0xx_dma.c...
compiling cs32f0xx_exti.c...
compiling cs32f0xx_flash.c...
compiling cs32f0xx_fwdt.c...
compiling cs32f0xx_gpio.c...
compiling cs32f0xx_misc.c...
compiling cs32f0xx_i2c.c...
compiling cs32f0xx_pmu.c...
compiling cs32f0xx_rcu.c...
compiling cs32f0xx_spi.c...
compiling cs32f0xx_syscfg.c...
compiling cs32f0xx_usart.c...
compiling cs32f0xx_wwdt.c...
compiling cs32f0xx_tim.c...
assembling startup_cs32f030.S...
compiling system_cs32f0xx.c...
linking...
Program Size: Code=20108 RO-data=264 RW-data=420 ZI-data=6908  
".\Objects\cs32f0xx_demo.axf" - 0 Error(s), 2 Warning(s).

<h2>Software Packages used:</h2>

Package Vendor: ARM
                http://www.keil.com/pack/ARM.CMSIS.5.4.0.pack
                ARM.CMSIS.5.4.0
                CMSIS (Cortex Microcontroller Software Interface Standard)
   * Component: CORE Version: 5.1.2

Package Vendor: Chipsea
                http://www.keil.com/pack/Chipsea.CS32F0xx_DFP.1.0.5.pack
                Chipsea.CS32F0xx_DFP.1.0.5
                Chipsea Technologies(ShenZhen) CS32F0 Series Device Support, Drivers and Examples
   * Component: ADC Version: 1.0.0
   * Component: CRC Version: 1.0.0
   * Component: DEBUG Version: 1.0.0
   * Component: DMA Version: 1.0.0
   * Component: EXTI Version: 1.0.0
   * Component: FWDT Version: 1.0.0
   * Component: Flash Version: 1.0.0
   * Component: Framework Version: 1.0.0
   * Component: GPIO Version: 1.0.0
   * Component: I2C Version: 1.0.0
   * Component: PMU Version: 1.0.0
   * Component: RCU Version: 1.0.0
   * Component: SPI Version: 1.0.0
   * Component: SYSCFG Version: 1.0.0
   * Component: TIM Version: 1.0.0
   * Component: USART Version: 1.0.0
   * Component: WWDT Version: 1.0.0
   * Component: Startup Version: 1.0.0

<h2>Collection of Component include folders:</h2>
  .\RTE\_cs32f0xx_start_demo
  D:\Keil_v5\ARM\PACK\ARM\CMSIS\5.4.0\CMSIS\Core\Include
  D:\Keil_v5\ARM\PACK\Chipsea\CS32F0xx_DFP\1.0.5\Device\HAL_Driver\inc
  D:\Keil_v5\ARM\PACK\Chipsea\CS32F0xx_DFP\1.0.5\Device\Include

<h2>Collection of Component Files used:</h2>

   * Component: ARM::CMSIS:CORE:5.1.2

   * Component: Chipsea::Device:HAL:ADC:1.0.0
      Include file:  Device\HAL_Driver\inc\cs32f0xx_adc.h
      Source file:   Device\HAL_Driver\src\cs32f0xx_adc.c

   * Component: Chipsea::Device:HAL:CRC:1.0.0
      Source file:   Device\HAL_Driver\src\cs32f0xx_crc.c
      Include file:  Device\HAL_Driver\inc\cs32f0xx_crc.h

   * Component: Chipsea::Device:HAL:DEBUG:1.0.0
      Source file:   Device\HAL_Driver\src\cs32f0xx_debug.c
      Include file:  Device\HAL_Driver\inc\cs32f0xx_debug.h

   * Component: Chipsea::Device:HAL:DMA:1.0.0
      Source file:   Device\HAL_Driver\src\cs32f0xx_dma.c
      Include file:  Device\HAL_Driver\inc\cs32f0xx_dma.h

   * Component: Chipsea::Device:HAL:EXTI:1.0.0
      Source file:   Device\HAL_Driver\src\cs32f0xx_exti.c
      Include file:  Device\HAL_Driver\inc\cs32f0xx_exti.h

   * Component: Chipsea::Device:HAL:FWDT:1.0.0
      Include file:  Device\HAL_Driver\inc\cs32f0xx_fwdt.h
      Source file:   Device\HAL_Driver\src\cs32f0xx_fwdt.c

   * Component: Chipsea::Device:HAL:Flash:1.0.0
      Source file:   Device\HAL_Driver\src\cs32f0xx_flash.c
      Include file:  Device\HAL_Driver\inc\cs32f0xx_flash.h

   * Component: Chipsea::Device:HAL:Framework:1.0.0
      Include file:  Device\HAL_Driver\inc\cs32f0xx_misc.h
      Source file:   Device\HAL_Driver\templates\Inc\cs32f0xx_conf.h
      Include file:  Device\HAL_Driver\templates\Inc\cs32f0xx_it.h
      Source file:   Device\HAL_Driver\src\cs32f0xx_misc.c
      Source file:   Device\HAL_Driver\templates\Src\cs32f0xx_it.c

   * Component: Chipsea::Device:HAL:GPIO:1.0.0
      Include file:  Device\HAL_Driver\inc\cs32f0xx_gpio.h
      Source file:   Device\HAL_Driver\src\cs32f0xx_gpio.c

   * Component: Chipsea::Device:HAL:I2C:1.0.0
      Include file:  Device\HAL_Driver\inc\cs32f0xx_i2c.h
      Source file:   Device\HAL_Driver\src\cs32f0xx_i2c.c

   * Component: Chipsea::Device:HAL:PMU:1.0.0
      Source file:   Device\HAL_Driver\src\cs32f0xx_pmu.c
      Include file:  Device\HAL_Driver\inc\cs32f0xx_pmu.h

   * Component: Chipsea::Device:HAL:RCU:1.0.0
      Include file:  Device\HAL_Driver\inc\cs32f0xx_rcu.h
      Source file:   Device\HAL_Driver\src\cs32f0xx_rcu.c

   * Component: Chipsea::Device:HAL:SPI:1.0.0
      Source file:   Device\HAL_Driver\src\cs32f0xx_spi.c
      Include file:  Device\HAL_Driver\inc\cs32f0xx_spi.h

   * Component: Chipsea::Device:HAL:SYSCFG:1.0.0
      Include file:  Device\HAL_Driver\inc\cs32f0xx_syscfg.h
      Source file:   Device\HAL_Driver\src\cs32f0xx_syscfg.c

   * Component: Chipsea::Device:HAL:TIM:1.0.0
      Include file:  Device\HAL_Driver\inc\cs32f0xx_tim.h
      Source file:   Device\HAL_Driver\src\cs32f0xx_tim.c

   * Component: Chipsea::Device:HAL:USART:1.0.0
      Include file:  Device\HAL_Driver\inc\cs32f0xx_usart.h
      Source file:   Device\HAL_Driver\src\cs32f0xx_usart.c

   * Component: Chipsea::Device:HAL:WWDT:1.0.0
      Source file:   Device\HAL_Driver\src\cs32f0xx_wwdt.c
      Include file:  Device\HAL_Driver\inc\cs32f0xx_wwdt.h

   * Component: Chipsea::Device:Startup:1.0.0
      Source file:   Device\Source\ARM\startup_cs32f030.S
      Source file:   Device\Source\system_cs32f0xx.c
Build Time Elapsed:  00:00:15
</pre>
</body>
</html>
