Component: ARM Compiler 5.06 update 6 (build 750) Tool: armlink [4d35ed]

==============================================================================

Section Cross References

    cs32f0xx_int.o(i.DMA1_Channel1_IRQHandler) refers to cs32f0xx_dma.o(i.dma_interrupt_status_get) for dma_interrupt_status_get
    cs32f0xx_int.o(i.DMA1_Channel1_IRQHandler) refers to cs32f0xx_dma.o(i.dma_interrupt_flag_clear) for dma_interrupt_flag_clear
    cs32f0xx_int.o(i.DMA1_Channel1_IRQHandler) refers to cmsis_os.o(i.osSemaphoreRelease) for osSemaphoreRelease
    cs32f0xx_int.o(i.DMA1_Channel1_IRQHandler) refers to breakeradc.o(.data) for BinarySemAdcConvCpltHandle
    cs32f0xx_int.o(i.SysTick_Handler) refers to systick.o(i.timing_delay_decrement) for timing_delay_decrement
    cs32f0xx_int.o(i.SysTick_Handler) refers to tasks.o(i.xTaskGetSchedulerState) for xTaskGetSchedulerState
    cs32f0xx_int.o(i.SysTick_Handler) refers to port.o(i.xPortSysTickHandler) for xPortSysTickHandler
    main.o(i.main) refers to bsp.o(i.bsp_Init) for bsp_Init
    main.o(i.main) refers to memmgr.o(i.MemMgrInit) for MemMgrInit
    main.o(i.main) refers to freertos.o(i.MX_FREERTOS_Init) for MX_FREERTOS_Init
    main.o(i.main) refers to cmsis_os.o(i.osKernelStart) for osKernelStart
    freertos.o(i.MX_FREERTOS_Init) refers to memcpya.o(.text) for __aeabi_memcpy4
    freertos.o(i.MX_FREERTOS_Init) refers to cmsis_os.o(i.osThreadCreate) for osThreadCreate
    freertos.o(i.MX_FREERTOS_Init) refers to freertos.o(.constdata) for .constdata
    freertos.o(i.MX_FREERTOS_Init) refers to freertos.o(.data) for .data
    freertos.o(i.StartTaskAdc) refers to breaker.o(i.BreakerProtectorInit) for BreakerProtectorInit
    freertos.o(i.StartTaskAdc) refers to breakeradc.o(i.BreakerAdcInit) for BreakerAdcInit
    freertos.o(i.StartTaskAdc) refers to cs32f0xx_adc.o(i.adc_conversion_start) for adc_conversion_start
    freertos.o(i.StartTaskAdc) refers to breakeradc.o(i.BreakerAdcProc) for BreakerAdcProc
    freertos.o(i.StartTaskAdc) refers to iwdg.o(i.IwdgFeed) for IwdgFeed
    freertos.o(i.StartTaskAdc) refers to currprotector.o(i.PrintSysInfo) for PrintSysInfo
    freertos.o(i.vApplicationGetIdleTaskMemory) refers to freertos.o(.bss) for .bss
    freertos.o(i.vApplicationGetTimerTaskMemory) refers to freertos.o(.bss) for .bss
    freertos.o(i.vApplicationTickHook) refers to currprotector.o(i.CurrProtectorStatusLed) for CurrProtectorStatusLed
    freertos.o(.constdata) refers to freertos.o(.conststring) for .conststring
    freertos.o(.constdata) refers to freertos.o(i.StartTaskAdc) for StartTaskAdc
    systick.o(i.cs_start_systick_config) refers to uidiv.o(.text) for __aeabi_uidivmod
    systick.o(i.cs_start_systick_config) refers to system_cs32f0xx.o(.data) for SystemCoreClock
    systick.o(i.delay) refers to systick.o(.data) for .data
    systick.o(i.timing_delay_decrement) refers to systick.o(.data) for .data
    tim.o(i.StartAdcTimInit) refers to cs32f0xx_rcu.o(i.rcu_apb2_periph_clock_enable_ctrl) for rcu_apb2_periph_clock_enable_ctrl
    tim.o(i.StartAdcTimInit) refers to cs32f0xx_tim.o(i.tim_def_init) for tim_def_init
    tim.o(i.StartAdcTimInit) refers to cs32f0xx_tim.o(i.tim_config_struct_init) for tim_config_struct_init
    tim.o(i.StartAdcTimInit) refers to cs32f0xx_tim.o(i.tim_compare_struct_init) for tim_compare_struct_init
    tim.o(i.StartAdcTimInit) refers to cs32f0xx_tim.o(i.tim_timer_config) for tim_timer_config
    tim.o(i.StartAdcTimInit) refers to cs32f0xx_tim.o(i.tim_ch4oc_init) for tim_ch4oc_init
    tim.o(i.StartAdcTimInit) refers to cs32f0xx_tim.o(i.tim_enable_ctrl) for tim_enable_ctrl
    tim.o(i.StartAdcTimInit) refers to cs32f0xx_tim.o(i.tim_pwm_output_set) for tim_pwm_output_set
    tim.o(i.StartAdcTrigTimer) refers to cs32f0xx_tim.o(i.tim_enable_ctrl) for tim_enable_ctrl
    tim.o(i.StopAdcTrigTimer) refers to cs32f0xx_tim.o(i.tim_enable_ctrl) for tim_enable_ctrl
    usart.o(i.StartUsartInit) refers to cs32f0xx_rcu.o(i.rcu_ahb_periph_clock_enable_ctrl) for rcu_ahb_periph_clock_enable_ctrl
    usart.o(i.StartUsartInit) refers to cs32f0xx_rcu.o(i.rcu_apb2_periph_clock_enable_ctrl) for rcu_apb2_periph_clock_enable_ctrl
    usart.o(i.StartUsartInit) refers to cs32f0xx_gpio.o(i.gpio_mf_config) for gpio_mf_config
    usart.o(i.StartUsartInit) refers to cs32f0xx_gpio.o(i.gpio_init) for gpio_init
    usart.o(i.StartUsartInit) refers to cs32f0xx_usart.o(i.usart_def_init) for usart_def_init
    usart.o(i.StartUsartInit) refers to cs32f0xx_usart.o(i.usart_init) for usart_init
    usart.o(i.StartUsartInit) refers to cs32f0xx_usart.o(i.usart_enable_ctrl) for usart_enable_ctrl
    usart.o(i.cs_start_usart_nvic_config) refers to cs32f0xx_usart.o(i.usart_enable_ctrl) for usart_enable_ctrl
    usart.o(i.cs_start_usart_nvic_config) refers to cs32f0xx_misc.o(i.nvic_init) for nvic_init
    usart.o(i.cs_start_usart_nvic_config) refers to cs32f0xx_usart.o(i.usart_interrupt_config) for usart_interrupt_config
[...]
    prvProcessTimerOrBlockTask               0x08003741   Thumb Code   152  timers.o(i.prvProcessTimerOrBlockTask)
    i.prvResetNextTaskUnblockTime            0x080037dc   Section        0  tasks.o(i.prvResetNextTaskUnblockTime)
    prvResetNextTaskUnblockTime              0x080037dd   Thumb Code    28  tasks.o(i.prvResetNextTaskUnblockTime)
    i.prvSampleTimeNow                       0x080037fc   Section        0  timers.o(i.prvSampleTimeNow)
    prvSampleTimeNow                         0x080037fd   Thumb Code    36  timers.o(i.prvSampleTimeNow)
    i.prvSwitchTimerLists                    0x08003824   Section        0  timers.o(i.prvSwitchTimerLists)
    prvSwitchTimerLists                      0x08003825   Thumb Code    92  timers.o(i.prvSwitchTimerLists)
    i.prvTaskExitError                       0x08003884   Section        0  port.o(i.prvTaskExitError)
    prvTaskExitError                         0x08003885   Thumb Code    14  port.o(i.prvTaskExitError)
    i.prvTimerTask                           0x08003898   Section        0  timers.o(i.prvTimerTask)
    prvTimerTask                             0x08003899   Thumb Code    32  timers.o(i.prvTimerTask)
    i.prvUnlockQueue                         0x080038bc   Section        0  queue.o(i.prvUnlockQueue)
    prvUnlockQueue                           0x080038bd   Thumb Code   112  queue.o(i.prvUnlockQueue)
    i.pvPortMalloc                           0x0800392c   Section        0  heap_4.o(i.pvPortMalloc)
    i.pvTaskIncrementMutexHeldCount          0x080039dc   Section        0  tasks.o(i.pvTaskIncrementMutexHeldCount)
    i.pxPortInitialiseStack                  0x080039f4   Section        0  port.o(i.pxPortInitialiseStack)
    i.rcu_ahb_periph_clock_enable_ctrl       0x08003a14   Section        0  cs32f0xx_rcu.o(i.rcu_ahb_periph_clock_enable_ctrl)
    i.rcu_apb1_periph_reset_enable_ctrl      0x08003a2c   Section        0  cs32f0xx_rcu.o(i.rcu_apb1_periph_reset_enable_ctrl)
    i.rcu_apb2_periph_clock_enable_ctrl      0x08003a44   Section        0  cs32f0xx_rcu.o(i.rcu_apb2_periph_clock_enable_ctrl)
    i.rcu_apb2_periph_reset_enable_ctrl      0x08003a5c   Section        0  cs32f0xx_rcu.o(i.rcu_apb2_periph_reset_enable_ctrl)
    i.rcu_clk_freq_get                       0x08003a74   Section        0  cs32f0xx_rcu.o(i.rcu_clk_freq_get)
    i.rcu_sysclk_switch_get                  0x08003bb8   Section        0  cs32f0xx_rcu.o(i.rcu_sysclk_switch_get)
    i.shortInstantProtector                  0x08003bc8   Section        0  currprotectorshortinstant.o(i.shortInstantProtector)
    i.sqrSumAverSqrt                         0x08003cdc   Section        0  usrlib.o(i.sqrSumAverSqrt)
    i.sqrt                                   0x08003d18   Section        0  sqrt.o(i.sqrt)
    i.tim_ch4oc_init                         0x08003d60   Section        0  cs32f0xx_tim.o(i.tim_ch4oc_init)
    i.tim_compare_struct_init                0x08003dd4   Section        0  cs32f0xx_tim.o(i.tim_compare_struct_init)
    i.tim_config_struct_init                 0x08003de8   Section        0  cs32f0xx_tim.o(i.tim_config_struct_init)
    i.tim_def_init                           0x08003dfc   Section        0  cs32f0xx_tim.o(i.tim_def_init)
    i.tim_enable_ctrl                        0x08003eb0   Section        0  cs32f0xx_tim.o(i.tim_enable_ctrl)
    i.tim_pwm_output_set                     0x08003ec4   Section        0  cs32f0xx_tim.o(i.tim_pwm_output_set)
    i.tim_timer_config                       0x08003edc   Section        0  cs32f0xx_tim.o(i.tim_timer_config)
    i.timing_delay_decrement                 0x08003f58   Section        0  systick.o(i.timing_delay_decrement)
    i.usart_data_send                        0x08003f6c   Section        0  cs32f0xx_usart.o(i.usart_data_send)
    i.usart_def_init                         0x08003f74   Section        0  cs32f0xx_usart.o(i.usart_def_init)
    i.usart_enable_ctrl                      0x0800402c   Section        0  cs32f0xx_usart.o(i.usart_enable_ctrl)
    i.usart_flag_status_get                  0x08004040   Section        0  cs32f0xx_usart.o(i.usart_flag_status_get)
    i.usart_init                             0x08004050   Section        0  cs32f0xx_usart.o(i.usart_init)
    i.uxListRemove                           0x080040f8   Section        0  list.o(i.uxListRemove)
    i.vApplicationGetIdleTaskMemory          0x08004120   Section        0  freertos.o(i.vApplicationGetIdleTaskMemory)
    i.vApplicationGetTimerTaskMemory         0x08004134   Section        0  freertos.o(i.vApplicationGetTimerTaskMemory)
    i.vApplicationTickHook                   0x0800414c   Section        0  freertos.o(i.vApplicationTickHook)
    i.vListInitialise                        0x08004154   Section        0  list.o(i.vListInitialise)
    i.vListInitialiseItem                    0x0800416a   Section        0  list.o(i.vListInitialiseItem)
    i.vListInsert                            0x08004170   Section        0  list.o(i.vListInsert)
    i.vListInsertEnd                         0x080041a0   Section        0  list.o(i.vListInsertEnd)
    i.vPortEnterCritical                     0x080041b8   Section        0  port.o(i.vPortEnterCritical)
    i.vPortExitCritical                      0x080041d0   Section        0  port.o(i.vPortExitCritical)
    i.vPortFree                              0x080041ec   Section        0  heap_4.o(i.vPortFree)
    i.vPortYield                             0x08004230   Section        0  port.o(i.vPortYield)
    i.vQueueAddToRegistry                    0x08004248   Section        0  queue.o(i.vQueueAddToRegistry)
    i.vQueueWaitForMessageRestricted         0x0800426c   Section        0  queue.o(i.vQueueWaitForMessageRestricted)
    i.vTaskDelay                             0x080042b0   Section        0  tasks.o(i.vTaskDelay)
    i.vTaskInternalSetTimeOutState           0x080042e0   Section        0  tasks.o(i.vTaskInternalSetTimeOutState)
    i.vTaskMissedYield                       0x080042f0   Section        0  tasks.o(i.vTaskMissedYield)
    i.vTaskPlaceOnEventList                  0x080042fc   Section        0  tasks.o(i.vTaskPlaceOnEventList)
    i.vTaskPlaceOnEventListRestricted        0x08004320   Section        0  tasks.o(i.vTaskPlaceOnEventListRestricted)
    i.vTaskPriorityDisinheritAfterTimeout    0x08004350   Section        0  tasks.o(i.vTaskPriorityDisinheritAfterTimeout)
    i.vTaskStartScheduler                    0x080043c0   Section        0  tasks.o(i.vTaskStartScheduler)
    i.vTaskSuspendAll                        0x08004428   Section        0  tasks.o(i.vTaskSuspendAll)
    i.vTaskSwitchContext                     0x08004438   Section        0  tasks.o(i.vTaskSwitchContext)
    i.xPortStartScheduler                    0x08004490   Section        0  port.o(i.xPortStartScheduler)
    i.xPortSysTickHandler                    0x080044e0   Section        0  port.o(i.xPortSysTickHandler)
    i.xQueueGenericCreate                    0x08004504   Section        0  queue.o(i.xQueueGenericCreate)
    i.xQueueGenericCreateStatic              0x08004540   Section        0  queue.o(i.xQueueGenericCreateStatic)
    i.xQueueGenericReset                     0x08004580   Section        0  queue.o(i.xQueueGenericReset)
    i.xQueueGenericSend                      0x080045ec   Section        0  queue.o(i.xQueueGenericSend)
    i.xQueueGenericSendFromISR               0x08004704   Section        0  queue.o(i.xQueueGenericSendFromISR)
    i.xQueueGiveFromISR                      0x08004790   Section        0  queue.o(i.xQueueGiveFromISR)
    i.xQueueReceive                          0x08004804   Section        0  queue.o(i.xQueueReceive)
    i.xQueueReceiveFromISR                   0x08004906   Section        0  queue.o(i.xQueueReceiveFromISR)
    i.xQueueSemaphoreTake                    0x0800497e   Section        0  queue.o(i.xQueueSemaphoreTake)
    i.xTaskCheckForTimeOut                   0x08004ac0   Section        0  tasks.o(i.xTaskCheckForTimeOut)
    i.xTaskCreate                            0x08004b1c   Section        0  tasks.o(i.xTaskCreate)
    i.xTaskCreateStatic                      0x08004b6e   Section        0  tasks.o(i.xTaskCreateStatic)
    i.xTaskGetSchedulerState                 0x08004bb4   Section        0  tasks.o(i.xTaskGetSchedulerState)
    i.xTaskGetTickCount                      0x08004bd4   Section        0  tasks.o(i.xTaskGetTickCount)
    i.xTaskIncrementTick                     0x08004be0   Section        0  tasks.o(i.xTaskIncrementTick)
    i.xTaskPriorityDisinherit                0x08004ca8   Section        0  tasks.o(i.xTaskPriorityDisinherit)
    i.xTaskPriorityInherit                   0x08004d10   Section        0  tasks.o(i.xTaskPriorityInherit)
    i.xTaskRemoveFromEventList               0x08004d88   Section        0  tasks.o(i.xTaskRemoveFromEventList)
    i.xTaskResumeAll                         0x08004dec   Section        0  tasks.o(i.xTaskResumeAll)
    i.xTimerCreateTimerTask                  0x08004e98   Section        0  timers.o(i.xTimerCreateTimerTask)
    i.xTimerGenericCommand                   0x08004ef0   Section        0  timers.o(i.xTimerGenericCommand)
    .constdata                               0x08004f40   Section       28  freertos.o(.constdata)
    .constdata                               0x08004f5c   Section       13  breakeradc.o(.constdata)
    __FUNCTION__                             0x08004f5c   Data          13  breakeradc.o(.constdata)
    .conststring                             0x08004f6c   Section        8  freertos.o(.conststring)
    .data                                    0x20000000   Section        4  freertos.o(.data)
    .data                                    0x20000004   Section        4  systick.o(.data)
    timing_delay                             0x20000004   Data           4  systick.o(.data)
    .data                                    0x20000008   Section       60  tasks.o(.data)
    pxDelayedTaskList                        0x2000000c   Data           4  tasks.o(.data)
    pxOverflowDelayedTaskList                0x20000010   Data           4  tasks.o(.data)
    uxDeletedTasksWaitingCleanUp             0x20000014   Data           4  tasks.o(.data)
    uxCurrentNumberOfTasks                   0x20000018   Data           4  tasks.o(.data)
    xTickCount                               0x2000001c   Data           4  tasks.o(.data)
    uxTopReadyPriority                       0x20000020   Data           4  tasks.o(.data)
    xSchedulerRunning                        0x20000024   Data           4  tasks.o(.data)
    uxPendedTicks                            0x20000028   Data           4  tasks.o(.data)
    xYieldPending                            0x2000002c   Data           4  tasks.o(.data)
    xNumOfOverflows                          0x20000030   Data           4  tasks.o(.data)
    uxTaskNumber                             0x20000034   Data           4  tasks.o(.data)
    xNextTaskUnblockTime                     0x20000038   Data           4  tasks.o(.data)
    xIdleTaskHandle                          0x2000003c   Data           4  tasks.o(.data)
    uxSchedulerSuspended                     0x20000040   Data           4  tasks.o(.data)
    .data                                    0x20000044   Section       20  timers.o(.data)
    pxCurrentTimerList                       0x20000044   Data           4  timers.o(.data)
    pxOverflowTimerList                      0x20000048   Data           4  timers.o(.data)
    xTimerQueue                              0x2000004c   Data           4  timers.o(.data)
    xTimerTaskHandle                         0x20000050   Data           4  timers.o(.data)
    xLastTime                                0x20000054   Data           4  timers.o(.data)
    .data                                    0x20000058   Section       24  heap_4.o(.data)
    pxEnd                                    0x20000058   Data           4  heap_4.o(.data)
    xFreeBytesRemaining                      0x2000005c   Data           4  heap_4.o(.data)
    xMinimumEverFreeBytesRemaining           0x20000060   Data           4  heap_4.o(.data)
    xBlockAllocatedBit                       0x20000064   Data           4  heap_4.o(.data)
    xStart                                   0x20000068   Data           8  heap_4.o(.data)
    .data                                    0x20000070   Section        4  port.o(.data)
    uxCriticalNesting                        0x20000070   Data           4  port.o(.data)
    .data                                    0x20000074   Section        2  breaker.o(.data)
    switchStatePre                           0x20000074   Data           1  breaker.o(.data)
    keepCnt                                  0x20000075   Data           1  breaker.o(.data)
    .data                                    0x20000076   Section      122  currprotector.o(.data)
    isFactoryMode                            0x20000076   Data           1  currprotector.o(.data)
    cnt                                      0x20000077   Data           1  currprotector.o(.data)
    ir1                                      0x20000078   Data          20  currprotector.o(.data)
    t1Ms                                     0x2000008c   Data          20  currprotector.o(.data)
    ir2Percent                               0x200000a0   Data          20  currprotector.o(.data)
    t2Ms                                     0x200000b4   Data          20  currprotector.o(.data)
    ir3Percent                               0x200000c8   Data          20  currprotector.o(.data)
    ir1Percent                               0x200000dc   Data          20  currprotector.o(.data)
    .data                                    0x200000f0   Section       40  currprotectorlongdelay.o(.data)
    isProtected                              0x200000f0   Data           1  currprotectorlongdelay.o(.data)
    isCountDownA                             0x200000f1   Data           1  currprotectorlongdelay.o(.data)
    isCountDownB                             0x200000f2   Data           1  currprotectorlongdelay.o(.data)
    isCountDownC                             0x200000f3   Data           1  currprotectorlongdelay.o(.data)
    countDownNumA                            0x200000f4   Data           4  currprotectorlongdelay.o(.data)
    countDownNumB                            0x200000f8   Data           4  currprotectorlongdelay.o(.data)
    countDownNumC                            0x200000fc   Data           4  currprotectorlongdelay.o(.data)
    Qa                                       0x20000100   Data           8  currprotectorlongdelay.o(.data)
    Qb                                       0x20000108   Data           8  currprotectorlongdelay.o(.data)
    Qc                                       0x20000110   Data           8  currprotectorlongdelay.o(.data)
    .data                                    0x20000118   Section       48  currprotectorshortdelay.o(.data)
    isProtected                              0x20000118   Data           1  currprotectorshortdelay.o(.data)
    isCountDownA                             0x20000119   Data           1  currprotectorshortdelay.o(.data)
    isCountDownB                             0x2000011a   Data           1  currprotectorshortdelay.o(.data)
    isCountDownC                             0x2000011b   Data           1  currprotectorshortdelay.o(.data)
    disturbCntA                              0x2000011c   Data           1  currprotectorshortdelay.o(.data)
    disturbCntB                              0x2000011d   Data           1  currprotectorshortdelay.o(.data)
    disturbCntC                              0x2000011e   Data           1  currprotectorshortdelay.o(.data)
    countDownNumA                            0x20000120   Data           4  currprotectorshortdelay.o(.data)
    countDownNumB                            0x20000124   Data           4  currprotectorshortdelay.o(.data)
    countDownNumC                            0x20000128   Data           4  currprotectorshortdelay.o(.data)
    Qa                                       0x20000130   Data           8  currprotectorshortdelay.o(.data)
    Qb                                       0x20000138   Data           8  currprotectorshortdelay.o(.data)
    Qc                                       0x20000140   Data           8  currprotectorshortdelay.o(.data)
    .data                                    0x20000148   Section       12  currprotectorshortinstant.o(.data)
    overCntA                                 0x20000148   Data           4  currprotectorshortinstant.o(.data)
    overCntB                                 0x2000014c   Data           4  currprotectorshortinstant.o(.data)
    overCntC                                 0x20000150   Data           4  currprotectorshortinstant.o(.data)
    .data                                    0x20000154   Section       36  breakeradc.o(.data)
    .data                                    0x20000178   Section       16  cs32f0xx_rcu.o(.data)
    APBAHBPrescTable                         0x20000178   Data          16  cs32f0xx_rcu.o(.data)
    .data                                    0x20000188   Section       20  system_cs32f0xx.o(.data)
    AHBPrescTable                            0x2000018c   Data          16  system_cs32f0xx.o(.data)
    .data                                    0x2000019c   Section        4  stdout.o(.data)
    .data                                    0x200001a0   Section        4  errno.o(.data)
    _errno                                   0x200001a0   Data           4  errno.o(.data)
    .bss                                     0x200001a4   Section     1704  freertos.o(.bss)
    xIdleTaskTCBBuffer                       0x200001a4   Data          84  freertos.o(.bss)
    xIdleStack                               0x200001f8   Data         512  freertos.o(.bss)
    xTimerTaskTCBBuffer                      0x200003f8   Data          84  freertos.o(.bss)
    xTimerStack                              0x2000044c   Data        1024  freertos.o(.bss)
    .bss                                     0x2000084c   Section       64  queue.o(.bss)
    .bss                                     0x2000088c   Section      240  tasks.o(.bss)
    pxReadyTasksLists                        0x2000088c   Data         140  tasks.o(.bss)
    xDelayedTaskList1                        0x20000918   Data          20  tasks.o(.bss)
    xDelayedTaskList2                        0x2000092c   Data          20  tasks.o(.bss)
    xPendingReadyList                        0x20000940   Data          20  tasks.o(.bss)
    xTasksWaitingTermination                 0x20000954   Data          20  tasks.o(.bss)
    xSuspendedTaskList                       0x20000968   Data          20  tasks.o(.bss)
    .bss                                     0x2000097c   Section      232  timers.o(.bss)
    xActiveTimerList1                        0x2000097c   Data          20  timers.o(.bss)
    xActiveTimerList2                        0x20000990   Data          20  timers.o(.bss)
    xStaticTimerQueue                        0x200009a4   Data          72  timers.o(.bss)
    ucStaticTimerQueueStorage                0x200009ec   Data         120  timers.o(.bss)
    .bss                                     0x20000a64   Section     1536  heap_4.o(.bss)
    ucHeap                                   0x20000a64   Data        1536  heap_4.o(.bss)
    .bss                                     0x20001064   Section       48  calibmetermem.o(.bss)
    .bss                                     0x20001094   Section       23  currprotector.o(.bss)
    .bss                                     0x200010ac   Section     2032  breakeradc.o(.bss)
    STACK                                    0x200018a0   Section     1024  startup_cs32f030.o(STACK)

    Global Symbols

    Symbol Name                              Value     Ov Type        Size  Object(Section)

    BuildAttributes$$THM_ISAv3M$S$PE$A:L22$X:L11$S22$IEEE1$IW$USESV6$~STKCKD$USESV7$~SHL$OTIME$ROPI$IEEEJ$EBA8$MICROLIB$REQ8$PRES8$EABIv2 0x00000000   Number         0  anon$$obj.o ABSOLUTE
    __ARM_use_no_argv                        0x00000000   Number         0  main.o ABSOLUTE
    _printf_a                                0x00000000   Number         0  stubs.o ABSOLUTE
    _printf_c                                0x00000000   Number         0  stubs.o ABSOLUTE
    _printf_charcount                        0x00000000   Number         0  stubs.o ABSOLUTE
    _printf_d                                0x00000000   Number         0  stubs.o ABSOLUTE
    _printf_e                                0x00000000   Number         0  stubs.o ABSOLUTE
    _printf_f                                0x00000000   Number         0  stubs.o ABSOLUTE
    _printf_flags                            0x00000000   Number         0  stubs.o ABSOLUTE
    _printf_fp_dec                           0x00000000   Number         0  stubs.o ABSOLUTE
    _printf_fp_hex                           0x00000000   Number         0  stubs.o ABSOLUTE
    _printf_g                                0x00000000   Number         0  stubs.o ABSOLUTE
    _printf_i                                0x00000000   Number         0  stubs.o ABSOLUTE
    _printf_int_dec                          0x00000000   Number         0  stubs.o ABSOLUTE
    _printf_l                                0x00000000   Number         0  stubs.o ABSOLUTE
    _printf_lc                               0x00000000   Number         0  stubs.o ABSOLUTE
    _printf_ll                               0x00000000   Number         0  stubs.o ABSOLUTE
    _printf_lld                              0x00000000   Number         0  stubs.o ABSOLUTE
    _printf_lli                              0x00000000   Number         0  stubs.o ABSOLUTE
    _printf_llo                              0x00000000   Number         0  stubs.o ABSOLUTE
    _printf_llu                              0x00000000   Number         0  stubs.o ABSOLUTE
    _printf_llx                              0x00000000   Number         0  stubs.o ABSOLUTE
    _printf_longlong_dec                     0x00000000   Number         0  stubs.o ABSOLUTE
    _printf_longlong_hex                     0x00000000   Number         0  stubs.o ABSOLUTE
    _printf_longlong_oct                     0x00000000   Number         0  stubs.o ABSOLUTE
    _printf_ls                               0x00000000   Number         0  stubs.o ABSOLUTE
    _printf_mbtowc                           0x00000000   Number         0  stubs.o ABSOLUTE
    _printf_n                                0x00000000   Number         0  stubs.o ABSOLUTE
    _printf_o                                0x00000000   Number         0  stubs.o ABSOLUTE
    _printf_p                                0x00000000   Number         0  stubs.o ABSOLUTE
    _printf_percent                          0x00000000   Number         0  stubs.o ABSOLUTE
    _printf_pre_padding                      0x00000000   Number         0  stubs.o ABSOLUTE
    _printf_return_value                     0x00000000   Number         0  stubs.o ABSOLUTE
    _printf_s                                0x00000000   Number         0  stubs.o ABSOLUTE
    _printf_sizespec                         0x00000000   Number         0  stubs.o ABSOLUTE
    _printf_str                              0x00000000   Number         0  stubs.o ABSOLUTE
    _printf_truncate_signed                  0x00000000   Number         0  stubs.o ABSOLUTE
    _printf_truncate_unsigned                0x00000000   Number         0  stubs.o ABSOLUTE
    _printf_u                                0x00000000   Number         0  stubs.o ABSOLUTE
    _printf_wc                               0x00000000   Number         0  stubs.o ABSOLUTE
    _printf_wctomb                           0x00000000   Number         0  stubs.o ABSOLUTE
    _printf_widthprec                        0x00000000   Number         0  stubs.o ABSOLUTE
    _printf_x                                0x00000000   Number         0  stubs.o ABSOLUTE
    __cpp_initialize__aeabi_                  - Undefined Weak Reference
    __cxa_finalize                            - Undefined Weak Reference
    _clock_init                               - Undefined Weak Reference
    _microlib_exit                            - Undefined Weak Reference
    __Vectors_Size                           0x000000b4   Number         0  startup_cs32f030.o ABSOLUTE
    __Vectors                                0x08000000   Data           4  startup_cs32f030.o(RESET)
    __Vectors_End                            0x080000b4   Data           0  startup_cs32f030.o(RESET)
    __main                                   0x080000b5   Thumb Code     0  entry.o(.ARM.Collect$$$$00000000)
    _main_stk                                0x080000b5   Thumb Code     0  entry2.o(.ARM.Collect$$$$00000001)
    _main_scatterload                        0x080000b9   Thumb Code     0  entry5.o(.ARM.Collect$$$$00000004)
    __main_after_scatterload                 0x080000bd   Thumb Code     0  entry5.o(.ARM.Collect$$$$00000004)
    _main_clock                              0x080000bd   Thumb Code     0  entry7b.o(.ARM.Collect$$$$00000008)
    _main_cpp_init                           0x080000bd   Thumb Code     0  entry8b.o(.ARM.Collect$$$$0000000A)
    _main_init                               0x080000bd   Thumb Code     0  entry9a.o(.ARM.Collect$$$$0000000B)
    __rt_final_cpp                           0x080000c5   Thumb Code     0  entry10a.o(.ARM.Collect$$$$0000000D)
    __rt_final_exit                          0x080000c5   Thumb Code     0  entry11a.o(.ARM.Collect$$$$0000000F)
    __asm___6_port_c_39a90d8d__prvPortStartFirstTask 0x080000c9   Thumb Code    36  port.o(.emb_text)
    ulSetInterruptMaskFromISR                0x080000f1   Thumb Code     8  port.o(.emb_text)
    vClearInterruptMaskFromISR               0x080000f9   Thumb Code     6  port.o(.emb_text)
    PendSV_Handler                           0x080000ff   Thumb Code    62  port.o(.emb_text)
    Reset_Handler                            0x08000141   Thumb Code     8  startup_cs32f030.o(.text)
    ADC1_IRQHandler                          0x08000153   Thumb Code     0  startup_cs32f030.o(.text)
    DMA1_Channel2_3_IRQHandler               0x08000153   Thumb Code     0  startup_cs32f030.o(.text)
    DMA1_Channel4_5_IRQHandler               0x08000153   Thumb Code     0  startup_cs32f030.o(.text)
    EXTI0_1_IRQHandler                       0x08000153   Thumb Code     0  startup_cs32f030.o(.text)
    EXTI2_3_IRQHandler                       0x08000153   Thumb Code     0  startup_cs32f030.o(.text)
    EXTI4_15_IRQHandler                      0x08000153   Thumb Code     0  startup_cs32f030.o(.text)
    FLASH_IRQHandler                         0x08000153   Thumb Code     0  startup_cs32f030.o(.text)
    I2C1_IRQHandler                          0x08000153   Thumb Code     0  startup_cs32f030.o(.text)
    I2C2_IRQHandler                          0x08000153   Thumb Code     0  startup_cs32f030.o(.text)
    RCU_IRQHandler                           0x08000153   Thumb Code     0  startup_cs32f030.o(.text)
    RTC_IRQHandler                           0x08000153   Thumb Code     0  startup_cs32f030.o(.text)
    SPI1_IRQHandler                          0x08000153   Thumb Code     0  startup_cs32f030.o(.text)
    SPI2_IRQHandler                          0x08000153   Thumb Code     0  startup_cs32f030.o(.text)
    TIM14_IRQHandler                         0x08000153   Thumb Code     0  startup_cs32f030.o(.text)
    TIM15_IRQHandler                         0x08000153   Thumb Code     0  startup_cs32f030.o(.text)
    TIM16_IRQHandler                         0x08000153   Thumb Code     0  startup_cs32f030.o(.text)
    TIM17_IRQHandler                         0x08000153   Thumb Code     0  startup_cs32f030.o(.text)
    TIM1_BRK_UP_TRG_COM_IRQHandler           0x08000153   Thumb Code     0  startup_cs32f030.o(.text)
    TIM1_CC_IRQHandler                       0x08000153   Thumb Code     0  startup_cs32f030.o(.text)
    TIM3_IRQHandler                          0x08000153   Thumb Code     0  startup_cs32f030.o(.text)
    TIM6_IRQHandler                          0x08000153   Thumb Code     0  startup_cs32f030.o(.text)
    USART1_IRQHandler                        0x08000153   Thumb Code     0  startup_cs32f030.o(.text)
    USART2_IRQHandler                        0x08000153   Thumb Code     0  startup_cs32f030.o(.text)
    WWDT_IRQHandler                          0x08000153   Thumb Code     0  startup_cs32f030.o(.text)
    __aeabi_uidiv                            0x0800015d   Thumb Code     0  uidiv.o(.text)
    __aeabi_uidivmod                         0x0800015d   Thumb Code    44  uidiv.o(.text)
    __aeabi_idiv                             0x08000189   Thumb Code     0  idiv.o(.text)
    __aeabi_idivmod                          0x08000189   Thumb Code    40  idiv.o(.text)
    __aeabi_memcpy                           0x080001b1   Thumb Code    36  memcpya.o(.text)
    __aeabi_memcpy4                          0x080001b1   Thumb Code     0  memcpya.o(.text)
    __aeabi_memcpy8                          0x080001b1   Thumb Code     0  memcpya.o(.text)
    __aeabi_uread4                           0x080001d5   Thumb Code    20  uread4.o(.text)
    __rt_uread4                              0x080001d5   Thumb Code     0  uread4.o(.text)
    _uread4                                  0x080001d5   Thumb Code     0  uread4.o(.text)
    __aeabi_uwrite4                          0x080001e9   Thumb Code    18  uwrite4.o(.text)
    __rt_uwrite4                             0x080001e9   Thumb Code     0  uwrite4.o(.text)
    _uwrite4                                 0x080001e9   Thumb Code     0  uwrite4.o(.text)
    __aeabi_fadd                             0x080001fb   Thumb Code   162  fadd.o(.text)
    __aeabi_fsub                             0x0800029d   Thumb Code     8  fadd.o(.text)
    __aeabi_frsub                            0x080002a5   Thumb Code     8  fadd.o(.text)
    __aeabi_fmul                             0x080002ad   Thumb Code   122  fmul.o(.text)
    __aeabi_fdiv                             0x08000327   Thumb Code   124  fdiv.o(.text)
    __aeabi_dadd                             0x080003a5   Thumb Code   328  dadd.o(.text)
    __aeabi_dsub                             0x080004ed   Thumb Code    12  dadd.o(.text)
    __aeabi_drsub                            0x080004f9   Thumb Code    12  dadd.o(.text)
    __aeabi_dmul                             0x08000509   Thumb Code   202  dmul.o(.text)
    __aeabi_ddiv                             0x080005d9   Thumb Code   234  ddiv.o(.text)
    __aeabi_i2f                              0x080006c9   Thumb Code    22  fflti.o(.text)
    __aeabi_ui2f                             0x080006df   Thumb Code    14  ffltui.o(.text)
    __aeabi_ui2d                             0x080006ed   Thumb Code    24  dfltui.o(.text)
    __aeabi_f2d                              0x08000709   Thumb Code    40  f2d.o(.text)
    __aeabi_cdcmpeq                          0x08000731   Thumb Code     0  cdcmple.o(.text)
    __aeabi_cdcmple                          0x08000731   Thumb Code    38  cdcmple.o(.text)
    __aeabi_cdrcmple                         0x08000759   Thumb Code    38  cdrcmple.o(.text)
    __aeabi_d2f                              0x08000781   Thumb Code    56  d2f.o(.text)
    __aeabi_cfcmpeq                          0x080007b9   Thumb Code     0  cfcmple.o(.text)
    __aeabi_cfcmple                          0x080007b9   Thumb Code    20  cfcmple.o(.text)
    __aeabi_cfrcmple                         0x080007cd   Thumb Code    20  cfrcmple.o(.text)
    __aeabi_uldivmod                         0x080007e1   Thumb Code    96  uldiv.o(.text)
    __aeabi_llsl                             0x08000841   Thumb Code    32  llshl.o(.text)
    _ll_shift_l                              0x08000841   Thumb Code     0  llshl.o(.text)
    __aeabi_lasr                             0x08000861   Thumb Code    38  llsshr.o(.text)
    _ll_sshift_r                             0x08000861   Thumb Code     0  llsshr.o(.text)
    __I$use$fp                               0x08000887   Thumb Code     0  iusefp.o(.text)
    _float_round                             0x08000887   Thumb Code    16  fepilogue.o(.text)
    _float_epilogue                          0x08000897   Thumb Code   114  fepilogue.o(.text)
    _double_round                            0x08000909   Thumb Code    26  depilogue.o(.text)
    _double_epilogue                         0x08000923   Thumb Code   164  depilogue.o(.text)
    _dsqrt                                   0x080009c7   Thumb Code   162  dsqrt.o(.text)
    __aeabi_d2ulz                            0x08000a69   Thumb Code    54  dfixul.o(.text)
    __scatterload                            0x08000aa9   Thumb Code    28  init.o(.text)
    __scatterload_rt2                        0x08000aa9   Thumb Code     0  init.o(.text)
    __aeabi_llsr                             0x08000acd   Thumb Code    34  llushr.o(.text)
    _ll_ushift_r                             0x08000acd   Thumb Code     0  llushr.o(.text)
    __decompress                             0x08000aef   Thumb Code     0  __dczerorl2.o(.text)
    __decompress1                            0x08000aef   Thumb Code    86  __dczerorl2.o(.text)
    BreakerAdcInit                           0x08000c41   Thumb Code    32  breakeradc.o(i.BreakerAdcInit)
    BreakerAdcProc                           0x08000c89   Thumb Code    20  breakeradc.o(i.BreakerAdcProc)
    BreakerHandler                           0x08000ca1   Thumb Code     8  breaker.o(i.BreakerHandler)
    BreakerProtectorInit                     0x08000ca9   Thumb Code    24  breaker.o(i.BreakerProtectorInit)
    ButtonGearConvert                        0x08000cdd   Thumb Code   120  breakeradc.o(i.ButtonGearConvert)
    CalibMeterReInit                         0x08000d75   Thumb Code   130  calibmetermem.o(i.CalibMeterReInit)
    ClrLongDelayProtectFlag                  0x08000e1d   Thumb Code     8  currprotectorlongdelay.o(i.ClrLongDelayProtectFlag)
    ClrShortDelayProtectFlag                 0x08000e29   Thumb Code     8  currprotectorshortdelay.o(i.ClrShortDelayProtectFlag)
    ClrShortInstantProtectFlag               0x08000e35   Thumb Code     8  currprotectorshortinstant.o(i.ClrShortInstantProtectFlag)
    CountFFTParas_I                          0x08000e41   Thumb Code    14  breakeradc.o(i.CountFFTParas_I)
    CurrParaFresh                            0x08000e51   Thumb Code   300  currprotector.o(i.CurrParaFresh)
    CurrProtectorHandler                     0x08000fad   Thumb Code    94  currprotector.o(i.CurrProtectorHandler)
    CurrProtectorStatusLed                   0x08001015   Thumb Code    76  currprotector.o(i.CurrProtectorStatusLed)
    DMA1_Channel1_IRQHandler                 0x08001069   Thumb Code    28  cs32f0xx_int.o(i.DMA1_Channel1_IRQHandler)
    GetAnRawIaAver                           0x08001089   Thumb Code    18  breakeradc.o(i.GetAnRawIaAver)
    GetAnRawIbAver                           0x080010a1   Thumb Code    18  breakeradc.o(i.GetAnRawIbAver)
    GetAnRawIcAver                           0x080010b9   Thumb Code    18  breakeradc.o(i.GetAnRawIcAver)
    GetIaAver                                0x080010d1   Thumb Code    18  breakeradc.o(i.GetIaAver)
    GetIbAver                                0x080010e9   Thumb Code    18  breakeradc.o(i.GetIbAver)
    GetIcAver                                0x08001101   Thumb Code    18  breakeradc.o(i.GetIcAver)
    GetIcwDelayCnt                           0x08001119   Thumb Code     4  currprotector.o(i.GetIcwDelayCnt)
    GetLongDelayIr1                          0x0800111d   Thumb Code    12  currprotectorlongdelay.o(i.GetLongDelayIr1)
    GetSwitchIoState                         0x0800112d   Thumb Code    14  breakerio.o(i.GetSwitchIoState)
    HardFault_Handler                        0x08001141   Thumb Code     2  cs32f0xx_int.o(i.HardFault_Handler)
    IsFactoryMode                            0x080011e9   Thumb Code    18  currprotector.o(i.IsFactoryMode)
    IwdgFeed                                 0x08001201   Thumb Code     8  iwdg.o(i.IwdgFeed)
    LedRedOff                                0x08001209   Thumb Code    12  breakerio.o(i.LedRedOff)
    LedRedOn                                 0x08001219   Thumb Code    12  breakerio.o(i.LedRedOn)
    LedYellowOff                             0x08001229   Thumb Code    12  breakerio.o(i.LedYellowOff)
    LedYellowToggle                          0x08001239   Thumb Code    12  breakerio.o(i.LedYellowToggle)
    Linearfitting                            0x08001249   Thumb Code   116  breakeradc.o(i.Linearfitting)
    LongDelayHandler                         0x080012bd   Thumb Code     8  currprotectorlongdelay.o(i.LongDelayHandler)
    LongDelayProtector                       0x080012c5   Thumb Code   954  currprotectorlongdelay.o(i.LongDelayProtector)
    MX_FREERTOS_Init                         0x0800169d   Thumb Code    30  freertos.o(i.MX_FREERTOS_Init)
    MemMgrInit                               0x080016c5   Thumb Code     8  memmgr.o(i.MemMgrInit)
    NMI_Handler                              0x080016cd   Thumb Code     2  cs32f0xx_int.o(i.NMI_Handler)
    PrintSysInfo                             0x080016d1   Thumb Code   152  currprotector.o(i.PrintSysInfo)
    SVC_Handler                              0x080017e9   Thumb Code     2  port.o(i.SVC_Handler)
    ShortDelayHandler                        0x08001845   Thumb Code     8  currprotectorshortdelay.o(i.ShortDelayHandler)
    ShortDelayProtector                      0x0800184d   Thumb Code  1148  currprotectorshortdelay.o(i.ShortDelayProtector)
    ShortInstantHandler                      0x08001ccd   Thumb Code     8  currprotectorshortinstant.o(i.ShortInstantHandler)
    StartAdcConvert                          0x08001cd5   Thumb Code    14  breakeradc.o(i.StartAdcConvert)
    StartAdcDmaInit                          0x08001ce9   Thumb Code   110  breakeradc.o(i.StartAdcDmaInit)
    StartAdcInit                             0x08001d65   Thumb Code   290  breakeradc.o(i.StartAdcInit)
    StartAdcTimInit                          0x08001f05   Thumb Code    92  tim.o(i.StartAdcTimInit)
    StartAdcTrigTimer                        0x08001f69   Thumb Code    12  tim.o(i.StartAdcTrigTimer)
    StartAllGpioInit                         0x08001f79   Thumb Code    16  gpio.o(i.StartAllGpioInit)
    StartClockShow                           0x08001f89   Thumb Code   124  bsp.o(i.StartClockShow)
    StartControlGpioInit                     0x08002125   Thumb Code    50  gpio.o(i.StartControlGpioInit)
    StartIwdgInit                            0x0800215d   Thumb Code    30  iwdg.o(i.StartIwdgInit)
    StartLedGpioInit                         0x08002185   Thumb Code    48  gpio.o(i.StartLedGpioInit)
    StartStateGpioInit                       0x080021b9   Thumb Code    34  gpio.o(i.StartStateGpioInit)
    StartTaskAdc                             0x080021e1   Thumb Code    30  freertos.o(i.StartTaskAdc)
    StartUsartInit                           0x08002205   Thumb Code   118  usart.o(i.StartUsartInit)
    SwitchOff                                0x08002281   Thumb Code    20  breaker.o(i.SwitchOff)
    SwitchOffProtector                       0x08002295   Thumb Code    10  breaker.o(i.SwitchOffProtector)
    SysTick_Handler                          0x0800229f   Thumb Code    20  cs32f0xx_int.o(i.SysTick_Handler)
    SystemInit                               0x080022b5   Thumb Code    84  system_cs32f0xx.o(i.SystemInit)
    TkOn                                     0x08002315   Thumb Code    14  breakerio.o(i.TkOn)
    __0printf                                0x08002329   Thumb Code    24  printfa.o(i.__0printf)
    __1printf                                0x08002329   Thumb Code     0  printfa.o(i.__0printf)
    __2printf                                0x08002329   Thumb Code     0  printfa.o(i.__0printf)
    __c89printf                              0x08002329   Thumb Code     0  printfa.o(i.__0printf)
    printf                                   0x08002329   Thumb Code     0  printfa.o(i.__0printf)
    __ARM_clz                                0x08002349   Thumb Code    46  depilogue.o(i.__ARM_clz)
    __ARM_common_switch8                     0x08002377   Thumb Code    26  tasks.o(i.__ARM_common_switch8)
    __scatterload_copy                       0x08002391   Thumb Code    14  handlers.o(i.__scatterload_copy)
    __scatterload_null                       0x0800239f   Thumb Code     2  handlers.o(i.__scatterload_null)
    __scatterload_zeroinit                   0x080023a1   Thumb Code    14  handlers.o(i.__scatterload_zeroinit)
    __set_errno                              0x080023b1   Thumb Code     6  errno.o(i.__set_errno)
    adc_calibration_value_get                0x08002c69   Thumb Code    46  cs32f0xx_adc.o(i.adc_calibration_value_get)
    adc_channel_config                       0x08002c97   Thumb Code    10  cs32f0xx_adc.o(i.adc_channel_config)
    adc_config_struct_init                   0x08002ca1   Thumb Code    16  cs32f0xx_adc.o(i.adc_config_struct_init)
    adc_conversion_start                     0x08002cb1   Thumb Code    18  cs32f0xx_adc.o(i.adc_conversion_start)
    adc_def_init                             0x08002cc5   Thumb Code    54  cs32f0xx_adc.o(i.adc_def_init)
    adc_dma_enable_ctrl                      0x08002d05   Thumb Code    20  cs32f0xx_adc.o(i.adc_dma_enable_ctrl)
    adc_dma_mode_set                         0x08002d19   Thumb Code    16  cs32f0xx_adc.o(i.adc_dma_mode_set)
    adc_enable_ctrl                          0x08002d29   Thumb Code    18  cs32f0xx_adc.o(i.adc_enable_ctrl)
    adc_flag_status_get                      0x08002d3b   Thumb Code    28  cs32f0xx_adc.o(i.adc_flag_status_get)
    adc_init                                 0x08002d59   Thumb Code    38  cs32f0xx_adc.o(i.adc_init)
    bsp_Init                                 0x08002d85   Thumb Code    32  bsp.o(i.bsp_Init)
    countbreakerParaAn                       0x08002da5   Thumb Code   144  breakeradc.o(i.countbreakerParaAn)
    cs_start_systick_config                  0x08002e69   Thumb Code    50  systick.o(i.cs_start_systick_config)
    dma_def_init                             0x08002ead   Thumb Code   100  cs32f0xx_dma.o(i.dma_def_init)
    dma_enable_ctrl                          0x08002f19   Thumb Code    20  cs32f0xx_dma.o(i.dma_enable_ctrl)
    dma_init                                 0x08002f31   Thumb Code    76  cs32f0xx_dma.o(i.dma_init)
    dma_interrupt_flag_clear                 0x08002f89   Thumb Code     6  cs32f0xx_dma.o(i.dma_interrupt_flag_clear)
    dma_interrupt_set                        0x08002f95   Thumb Code    16  cs32f0xx_dma.o(i.dma_interrupt_set)
    dma_interrupt_status_get                 0x08002fa5   Thumb Code    16  cs32f0xx_dma.o(i.dma_interrupt_status_get)
    fputc                                    0x08002fb9   Thumb Code    30  usart.o(i.fputc)
    fwdt_enable                              0x08002fdd   Thumb Code     8  cs32f0xx_fwdt.o(i.fwdt_enable)
    fwdt_prescaler_set                       0x08002fed   Thumb Code     6  cs32f0xx_fwdt.o(i.fwdt_prescaler_set)
    fwdt_reload_counter                      0x08002ff9   Thumb Code     8  cs32f0xx_fwdt.o(i.fwdt_reload_counter)
    fwdt_reload_set                          0x08003009   Thumb Code     6  cs32f0xx_fwdt.o(i.fwdt_reload_set)
    fwdt_write_access_enable_ctrl            0x08003015   Thumb Code     6  cs32f0xx_fwdt.o(i.fwdt_write_access_enable_ctrl)
    gpio_bits_reset                          0x08003021   Thumb Code     4  cs32f0xx_gpio.o(i.gpio_bits_reset)
    gpio_bits_set                            0x08003025   Thumb Code     4  cs32f0xx_gpio.o(i.gpio_bits_set)
    gpio_init                                0x08003029   Thumb Code   112  cs32f0xx_gpio.o(i.gpio_init)
    gpio_input_data_bit_read                 0x08003099   Thumb Code    14  cs32f0xx_gpio.o(i.gpio_input_data_bit_read)
    gpio_mf_config                           0x080030a7   Thumb Code    32  cs32f0xx_gpio.o(i.gpio_mf_config)
    main                                     0x080030d3   Thumb Code    18  main.o(i.main)
    nvic_init                                0x080030f1   Thumb Code    70  cs32f0xx_misc.o(i.nvic_init)
    osDelay                                  0x08003141   Thumb Code    16  cmsis_os.o(i.osDelay)
    osKernelStart                            0x08003151   Thumb Code    10  cmsis_os.o(i.osKernelStart)
    osSemaphoreCreate                        0x0800315b   Thumb Code    64  cmsis_os.o(i.osSemaphoreCreate)
    osSemaphoreRelease                       0x0800319d   Thumb Code    70  cmsis_os.o(i.osSemaphoreRelease)
    osSemaphoreWait                          0x080031e9   Thumb Code    94  cmsis_os.o(i.osSemaphoreWait)
    osThreadCreate                           0x0800324d   Thumb Code    88  cmsis_os.o(i.osThreadCreate)
    pvPortMalloc                             0x0800392d   Thumb Code   172  heap_4.o(i.pvPortMalloc)
    pvTaskIncrementMutexHeldCount            0x080039dd   Thumb Code    20  tasks.o(i.pvTaskIncrementMutexHeldCount)
    pxPortInitialiseStack                    0x080039f5   Thumb Code    28  port.o(i.pxPortInitialiseStack)
    rcu_ahb_periph_clock_enable_ctrl         0x08003a15   Thumb Code    18  cs32f0xx_rcu.o(i.rcu_ahb_periph_clock_enable_ctrl)
    rcu_apb1_periph_reset_enable_ctrl        0x08003a2d   Thumb Code    18  cs32f0xx_rcu.o(i.rcu_apb1_periph_reset_enable_ctrl)
    rcu_apb2_periph_clock_enable_ctrl        0x08003a45   Thumb Code    18  cs32f0xx_rcu.o(i.rcu_apb2_periph_clock_enable_ctrl)
    rcu_apb2_periph_reset_enable_ctrl        0x08003a5d   Thumb Code    18  cs32f0xx_rcu.o(i.rcu_apb2_periph_reset_enable_ctrl)
    rcu_clk_freq_get                         0x08003a75   Thumb Code   298  cs32f0xx_rcu.o(i.rcu_clk_freq_get)
    rcu_sysclk_switch_get                    0x08003bb9   Thumb Code    10  cs32f0xx_rcu.o(i.rcu_sysclk_switch_get)
    shortInstantProtector                    0x08003bc9   Thumb Code   262  currprotectorshortinstant.o(i.shortInstantProtector)
    sqrSumAverSqrt                           0x08003cdd   Thumb Code    60  usrlib.o(i.sqrSumAverSqrt)
    sqrt                                     0x08003d19   Thumb Code    66  sqrt.o(i.sqrt)
    tim_ch4oc_init                           0x08003d61   Thumb Code    96  cs32f0xx_tim.o(i.tim_ch4oc_init)
    tim_compare_struct_init                  0x08003dd5   Thumb Code    20  cs32f0xx_tim.o(i.tim_compare_struct_init)
    tim_config_struct_init                   0x08003de9   Thumb Code    18  cs32f0xx_tim.o(i.tim_config_struct_init)
    tim_def_init                             0x08003dfd   Thumb Code   152  cs32f0xx_tim.o(i.tim_def_init)
    tim_enable_ctrl                          0x08003eb1   Thumb Code    20  cs32f0xx_tim.o(i.tim_enable_ctrl)
    tim_pwm_output_set                       0x08003ec5   Thumb Code    24  cs32f0xx_tim.o(i.tim_pwm_output_set)
    tim_timer_config                         0x08003edd   Thumb Code    96  cs32f0xx_tim.o(i.tim_timer_config)
    timing_delay_decrement                   0x08003f59   Thumb Code    16  systick.o(i.timing_delay_decrement)
    usart_data_send                          0x08003f6d   Thumb Code     8  cs32f0xx_usart.o(i.usart_data_send)
    usart_def_init                           0x08003f75   Thumb Code   150  cs32f0xx_usart.o(i.usart_def_init)
    usart_enable_ctrl                        0x0800402d   Thumb Code    20  cs32f0xx_usart.o(i.usart_enable_ctrl)
    usart_flag_status_get                    0x08004041   Thumb Code    14  cs32f0xx_usart.o(i.usart_flag_status_get)
    usart_init                               0x08004051   Thumb Code   148  cs32f0xx_usart.o(i.usart_init)
    uxListRemove                             0x080040f9   Thumb Code    38  list.o(i.uxListRemove)
    vApplicationGetIdleTaskMemory            0x08004121   Thumb Code    16  freertos.o(i.vApplicationGetIdleTaskMemory)
    vApplicationGetTimerTaskMemory           0x08004135   Thumb Code    18  freertos.o(i.vApplicationGetTimerTaskMemory)
    vApplicationTickHook                     0x0800414d   Thumb Code     8  freertos.o(i.vApplicationTickHook)
    vListInitialise                          0x08004155   Thumb Code    22  list.o(i.vListInitialise)
    vListInitialiseItem                      0x0800416b   Thumb Code     6  list.o(i.vListInitialiseItem)
    vListInsert                              0x08004171   Thumb Code    48  list.o(i.vListInsert)
    vListInsertEnd                           0x080041a1   Thumb Code    24  list.o(i.vListInsertEnd)
    vPortEnterCritical                       0x080041b9   Thumb Code    20  port.o(i.vPortEnterCritical)
    vPortExitCritical                        0x080041d1   Thumb Code    22  port.o(i.vPortExitCritical)
    vPortFree                                0x080041ed   Thumb Code    62  heap_4.o(i.vPortFree)
    vPortYield                               0x08004231   Thumb Code    18  port.o(i.vPortYield)
    vQueueAddToRegistry                      0x08004249   Thumb Code    32  queue.o(i.vQueueAddToRegistry)
    vQueueWaitForMessageRestricted           0x0800426d   Thumb Code    68  queue.o(i.vQueueWaitForMessageRestricted)
    vTaskDelay                               0x080042b1   Thumb Code    44  tasks.o(i.vTaskDelay)
    vTaskInternalSetTimeOutState             0x080042e1   Thumb Code    12  tasks.o(i.vTaskInternalSetTimeOutState)
    vTaskMissedYield                         0x080042f1   Thumb Code     8  tasks.o(i.vTaskMissedYield)
    vTaskPlaceOnEventList                    0x080042fd   Thumb Code    32  tasks.o(i.vTaskPlaceOnEventList)
    vTaskPlaceOnEventListRestricted          0x08004321   Thumb Code    42  tasks.o(i.vTaskPlaceOnEventListRestricted)
    vTaskPriorityDisinheritAfterTimeout      0x08004351   Thumb Code   104  tasks.o(i.vTaskPriorityDisinheritAfterTimeout)
    vTaskStartScheduler                      0x080043c1   Thumb Code    88  tasks.o(i.vTaskStartScheduler)
    vTaskSuspendAll                          0x08004429   Thumb Code    10  tasks.o(i.vTaskSuspendAll)
    vTaskSwitchContext                       0x08004439   Thumb Code    78  tasks.o(i.vTaskSwitchContext)
    xPortStartScheduler                      0x08004491   Thumb Code    62  port.o(i.xPortStartScheduler)
    xPortSysTickHandler                      0x080044e1   Thumb Code    32  port.o(i.xPortSysTickHandler)
    xQueueGenericCreate                      0x08004505   Thumb Code    60  queue.o(i.xQueueGenericCreate)
    xQueueGenericCreateStatic                0x08004541   Thumb Code    64  queue.o(i.xQueueGenericCreateStatic)
    xQueueGenericReset                       0x08004581   Thumb Code   108  queue.o(i.xQueueGenericReset)
    xQueueGenericSend                        0x080045ed   Thumb Code   280  queue.o(i.xQueueGenericSend)
    xQueueGenericSendFromISR                 0x08004705   Thumb Code   140  queue.o(i.xQueueGenericSendFromISR)
    xQueueGiveFromISR                        0x08004791   Thumb Code   116  queue.o(i.xQueueGiveFromISR)
    xQueueReceive                            0x08004805   Thumb Code   258  queue.o(i.xQueueReceive)
    xQueueReceiveFromISR                     0x08004907   Thumb Code   120  queue.o(i.xQueueReceiveFromISR)
    xQueueSemaphoreTake                      0x0800497f   Thumb Code   320  queue.o(i.xQueueSemaphoreTake)
    xTaskCheckForTimeOut                     0x08004ac1   Thumb Code    86  tasks.o(i.xTaskCheckForTimeOut)
    xTaskCreate                              0x08004b1d   Thumb Code    82  tasks.o(i.xTaskCreate)
    xTaskCreateStatic                        0x08004b6f   Thumb Code    68  tasks.o(i.xTaskCreateStatic)
    xTaskGetSchedulerState                   0x08004bb5   Thumb Code    26  tasks.o(i.xTaskGetSchedulerState)
    xTaskGetTickCount                        0x08004bd5   Thumb Code     6  tasks.o(i.xTaskGetTickCount)
    xTaskIncrementTick                       0x08004be1   Thumb Code   192  tasks.o(i.xTaskIncrementTick)
    xTaskPriorityDisinherit                  0x08004ca9   Thumb Code    96  tasks.o(i.xTaskPriorityDisinherit)
    xTaskPriorityInherit                     0x08004d11   Thumb Code   110  tasks.o(i.xTaskPriorityInherit)
    xTaskRemoveFromEventList                 0x08004d89   Thumb Code    90  tasks.o(i.xTaskRemoveFromEventList)
    xTaskResumeAll                           0x08004ded   Thumb Code   164  tasks.o(i.xTaskResumeAll)
    xTimerCreateTimerTask                    0x08004e99   Thumb Code    72  timers.o(i.xTimerCreateTimerTask)
    xTimerGenericCommand                     0x08004ef1   Thumb Code    76  timers.o(i.xTimerGenericCommand)
    Region$$Table$$Base                      0x08004f74   Number         0  anon$$obj.o(Region$$Table)
    Region$$Table$$Limit                     0x08004f94   Number         0  anon$$obj.o(Region$$Table)
    TaskAdcHandle                            0x20000000   Data           4  freertos.o(.data)
    pxCurrentTCB                             0x20000008   Data           4  tasks.o(.data)
    ADC_DMA_TRANSFER                         0x20000154   Data           1  breakeradc.o(.data)
    S1_VAL                                   0x20000155   Data           1  breakeradc.o(.data)
    S2_VAL                                   0x20000156   Data           1  breakeradc.o(.data)
    S3_VAL                                   0x20000157   Data           1  breakeradc.o(.data)
    S4_VAL                                   0x20000158   Data           1  breakeradc.o(.data)
    S5_VAL                                   0x20000159   Data           1  breakeradc.o(.data)
    S6_VAL                                   0x2000015a   Data           1  breakeradc.o(.data)
    ButtonAdcValue0                          0x2000015c   Data           4  breakeradc.o(.data)
    ButtonAdcValue1                          0x20000160   Data           4  breakeradc.o(.data)
    ButtonAdcValue2                          0x20000164   Data           4  breakeradc.o(.data)
    ButtonAdcValue3                          0x20000168   Data           4  breakeradc.o(.data)
    ButtonAdcValue4                          0x2000016c   Data           4  breakeradc.o(.data)
    ButtonAdcValue5                          0x20000170   Data           4  breakeradc.o(.data)
    BinarySemAdcConvCpltHandle               0x20000174   Data           4  breakeradc.o(.data)
    SystemCoreClock                          0x20000188   Data           4  system_cs32f0xx.o(.data)
    __stdout                                 0x2000019c   Data           4  stdout.o(.data)
    xQueueRegistry                           0x2000084c   Data          64  queue.o(.bss)
    calibMeterEx                             0x20001064   Data          48  calibmetermem.o(.bss)
    currProtectorCfg                         0x20001094   Data          23  currprotector.o(.bss)
    adcVals                                  0x200010ac   Data         640  breakeradc.o(.bss)
    adcValsFftIn                             0x2000132c   Data        1280  breakeradc.o(.bss)
    BreakerFft                               0x2000182c   Data          72  breakeradc.o(.bss)
    breakerParaInfo                          0x20001874   Data          40  breakeradc.o(.bss)
    __initial_sp                             0x20001ca0   Data           0  startup_cs32f030.o(STACK)



==============================================================================

Memory Map of the image

  Image Entry point : 0x080000b5

  Load Region LR_IROM1 (Base: 0x08000000, Size: 0x00005138, Max: 0x00010000, ABSOLUTE, COMPRESSED[0x00005014])

    Execution Region ER_IROM1 (Exec base: 0x08000000, Load base: 0x08000000, Size: 0x00004f94, Max: 0x00010000, ABSOLUTE)

    Exec Addr    Load Addr    Size         Type   Attr      Idx    E Section Name        Object

    0x08000000   0x08000000   0x000000b4   Data   RO         5247    RESET               startup_cs32f030.o
    0x080000b4   0x080000b4   0x00000000   Code   RO         5294  * .ARM.Collect$$$$00000000  mc_p.l(entry.o)
    0x080000b4   0x080000b4   0x00000004   Code   RO         5607    .ARM.Collect$$$$00000001  mc_p.l(entry2.o)
    0x080000b8   0x080000b8   0x00000004   Code   RO         5610    .ARM.Collect$$$$00000004  mc_p.l(entry5.o)
    0x080000bc   0x080000bc   0x00000000   Code   RO         5612    .ARM.Collect$$$$00000008  mc_p.l(entry7b.o)
    0x080000bc   0x080000bc   0x00000000   Code   RO         5614    .ARM.Collect$$$$0000000A  mc_p.l(entry8b.o)
    0x080000bc   0x080000bc   0x00000008   Code   RO         5615    .ARM.Collect$$$$0000000B  mc_p.l(entry9a.o)
    0x080000c4   0x080000c4   0x00000000   Code   RO         5617    .ARM.Collect$$$$0000000D  mc_p.l(entry10a.o)
    0x080000c4   0x080000c4   0x00000000   Code   RO         5619    .ARM.Collect$$$$0000000F  mc_p.l(entry11a.o)
    0x080000c4   0x080000c4   0x00000004   Code   RO         5608    .ARM.Collect$$$$00002712  mc_p.l(entry2.o)
    0x080000c8   0x080000c8   0x00000078   Code   RO         1867    .emb_text           port.o
    0x08000140   0x08000140   0x0000001c   Code   RO         5248    .text               startup_cs32f030.o
    0x0800015c   0x0800015c   0x0000002c   Code   RO         5297    .text               mc_p.l(uidiv.o)
    0x08000188   0x08000188   0x00000028   Code   RO         5299    .text               mc_p.l(idiv.o)
    0x080001b0   0x080001b0   0x00000024   Code   RO         5304    .text               mc_p.l(memcpya.o)
    0x080001d4   0x080001d4   0x00000014   Code   RO         5573    .text               mc_p.l(uread4.o)
    0x080001e8   0x080001e8   0x00000012   Code   RO         5575    .text               mc_p.l(uwrite4.o)
    0x080001fa   0x080001fa   0x000000b2   Code   RO         5577    .text               mf_p.l(fadd.o)
    0x080002ac   0x080002ac   0x0000007a   Code   RO         5579    .text               mf_p.l(fmul.o)
    0x08000326   0x08000326   0x0000007c   Code   RO         5581    .text               mf_p.l(fdiv.o)
    0x080003a2   0x080003a2   0x00000002   PAD
    0x080003a4   0x080003a4   0x00000164   Code   RO         5583    .text               mf_p.l(dadd.o)
    0x08000508   0x08000508   0x000000d0   Code   RO         5585    .text               mf_p.l(dmul.o)
    0x080005d8   0x080005d8   0x000000f0   Code   RO         5587    .text               mf_p.l(ddiv.o)
    0x080006c8   0x080006c8   0x00000016   Code   RO         5589    .text               mf_p.l(fflti.o)
    0x080006de   0x080006de   0x0000000e   Code   RO         5591    .text               mf_p.l(ffltui.o)
    0x080006ec   0x080006ec   0x0000001c   Code   RO         5593    .text               mf_p.l(dfltui.o)
    0x08000708   0x08000708   0x00000028   Code   RO         5595    .text               mf_p.l(f2d.o)
    0x08000730   0x08000730   0x00000028   Code   RO         5597    .text               mf_p.l(cdcmple.o)
    0x08000758   0x08000758   0x00000028   Code   RO         5599    .text               mf_p.l(cdrcmple.o)
    0x08000780   0x08000780   0x00000038   Code   RO         5601    .text               mf_p.l(d2f.o)
    0x080007b8   0x080007b8   0x00000014   Code   RO         5603    .text               mf_p.l(cfcmple.o)
    0x080007cc   0x080007cc   0x00000014   Code   RO         5605    .text               mf_p.l(cfrcmple.o)
    0x080007e0   0x080007e0   0x00000060   Code   RO         5622    .text               mc_p.l(uldiv.o)
    0x08000840   0x08000840   0x00000020   Code   RO         5624    .text               mc_p.l(llshl.o)
    0x08000860   0x08000860   0x00000026   Code   RO         5626    .text               mc_p.l(llsshr.o)
    0x08000886   0x08000886   0x00000000   Code   RO         5641    .text               mc_p.l(iusefp.o)
    0x08000886   0x08000886   0x00000082   Code   RO         5642    .text               mf_p.l(fepilogue.o)
    0x08000908   0x08000908   0x000000be   Code   RO         5644    .text               mf_p.l(depilogue.o)
    0x080009c6   0x080009c6   0x000000a2   Code   RO         5648    .text               mf_p.l(dsqrt.o)
    0x08000a68   0x08000a68   0x00000040   Code   RO         5650    .text               mf_p.l(dfixul.o)
    0x08000aa8   0x08000aa8   0x00000024   Code   RO         5652    .text               mc_p.l(init.o)
    0x08000acc   0x08000acc   0x00000022   Code   RO         5654    .text               mc_p.l(llushr.o)
    0x08000aee   0x08000aee   0x00000056   Code   RO         5664    .text               mc_p.l(__dczerorl2.o)
    0x08000b44   0x08000b44   0x00000048   Code   RO         2475    i.AnAverCount       breakeradc.o
    0x08000b8c   0x08000b8c   0x000000b4   Code   RO         2476    i.BreakerAdcHandler  breakeradc.o
    0x08000c40   0x08000c40   0x00000048   Code   RO         2477    i.BreakerAdcInit    breakeradc.o
    0x08000c88   0x08000c88   0x00000018   Code   RO         2478    i.BreakerAdcProc    breakeradc.o
    0x08000ca0   0x08000ca0   0x00000008   Code   RO         2077    i.BreakerHandler    breaker.o
    0x08000ca8   0x08000ca8   0x00000034   Code   RO         2078    i.BreakerProtectorInit  breaker.o
    0x08000cdc   0x08000cdc   0x00000098   Code   RO         2479    i.ButtonGearConvert  breakeradc.o
    0x08000d74   0x08000d74   0x00000098   Code   RO         1934    i.CalibMeterReInit  calibmetermem.o
    0x08000e0c   0x08000e0c   0x00000010   Code   RO         2079    i.ClrBreakerProtectorFlags  breaker.o
    0x08000e1c   0x08000e1c   0x0000000c   Code   RO         2250    i.ClrLongDelayProtectFlag  currprotectorlongdelay.o
    0x08000e28   0x08000e28   0x0000000c   Code   RO         2322    i.ClrShortDelayProtectFlag  currprotectorshortdelay.o
    0x08000e34   0x08000e34   0x0000000c   Code   RO         2382    i.ClrShortInstantProtectFlag  currprotectorshortinstant.o
    0x08000e40   0x08000e40   0x0000000e   Code   RO         2481    i.CountFFTParas_I   breakeradc.o
    0x08000e4e   0x08000e4e   0x00000002   PAD
    0x08000e50   0x08000e50   0x0000015c   Code   RO         2177    i.CurrParaFresh     currprotector.o
    0x08000fac   0x08000fac   0x00000068   Code   RO         2178    i.CurrProtectorHandler  currprotector.o
    0x08001014   0x08001014   0x00000054   Code   RO         2179    i.CurrProtectorStatusLed  currprotector.o
    0x08001068   0x08001068   0x00000020   Code   RO            4    i.DMA1_Channel1_IRQHandler  cs32f0xx_int.o
    0x08001088   0x08001088   0x00000018   Code   RO         2482    i.GetAnRawIaAver    breakeradc.o
    0x080010a0   0x080010a0   0x00000018   Code   RO         2483    i.GetAnRawIbAver    breakeradc.o
    0x080010b8   0x080010b8   0x00000018   Code   RO         2484    i.GetAnRawIcAver    breakeradc.o
    0x080010d0   0x080010d0   0x00000018   Code   RO         2486    i.GetIaAver         breakeradc.o
    0x080010e8   0x080010e8   0x00000018   Code   RO         2488    i.GetIbAver         breakeradc.o
    0x08001100   0x08001100   0x00000018   Code   RO         2490    i.GetIcAver         breakeradc.o
    0x08001118   0x08001118   0x00000004   Code   RO         2180    i.GetIcwDelayCnt    currprotector.o
    0x0800111c   0x0800111c   0x00000010   Code   RO         2251    i.GetLongDelayIr1   currprotectorlongdelay.o
    0x0800112c   0x0800112c   0x00000014   Code   RO         2640    i.GetSwitchIoState  breakerio.o
    0x08001140   0x08001140   0x00000002   Code   RO            6    i.HardFault_Handler  cs32f0xx_int.o
    0x08001142   0x08001142   0x00000002   PAD
    0x08001144   0x08001144   0x000000a4   Code   RO         2491    i.IabcAnCount       breakeradc.o
    0x080011e8   0x080011e8   0x00000018   Code   RO         2181    i.IsFactoryMode     currprotector.o
    0x08001200   0x08001200   0x00000008   Code   RO          584    i.IwdgFeed          iwdg.o
    0x08001208   0x08001208   0x00000010   Code   RO         2643    i.LedRedOff         breakerio.o
    0x08001218   0x08001218   0x00000010   Code   RO         2644    i.LedRedOn          breakerio.o
    0x08001228   0x08001228   0x00000010   Code   RO         2645    i.LedYellowOff      breakerio.o
    0x08001238   0x08001238   0x00000010   Code   RO         2647    i.LedYellowToggle   breakerio.o
    0x08001248   0x08001248   0x00000074   Code   RO         2492    i.Linearfitting     breakeradc.o
    0x080012bc   0x080012bc   0x00000008   Code   RO         2254    i.LongDelayHandler  currprotectorlongdelay.o
    0x080012c4   0x080012c4   0x000003d8   Code   RO         2255    i.LongDelayProtector  currprotectorlongdelay.o
    0x0800169c   0x0800169c   0x00000028   Code   RO          337    i.MX_FREERTOS_Init  freertos.o
    0x080016c4   0x080016c4   0x00000008   Code   RO         2430    i.MemMgrInit        memmgr.o
    0x080016cc   0x080016cc   0x00000002   Code   RO            8    i.NMI_Handler       cs32f0xx_int.o
    0x080016ce   0x080016ce   0x00000002   PAD
    0x080016d0   0x080016d0   0x00000118   Code   RO         2182    i.PrintSysInfo      currprotector.o
    0x080017e8   0x080017e8   0x00000002   Code   RO         1868    i.SVC_Handler       port.o
    0x080017ea   0x080017ea   0x00000002   PAD
    0x080017ec   0x080017ec   0x00000058   Code   RO         5254    i.SetSysClock       system_cs32f0xx.o
    0x08001844   0x08001844   0x00000008   Code   RO         2327    i.ShortDelayHandler  currprotectorshortdelay.o
    0x0800184c   0x0800184c   0x00000480   Code   RO         2328    i.ShortDelayProtector  currprotectorshortdelay.o
    0x08001ccc   0x08001ccc   0x00000008   Code   RO         2385    i.ShortInstantHandler  currprotectorshortinstant.o
    0x08001cd4   0x08001cd4   0x00000014   Code   RO         2493    i.StartAdcConvert   breakeradc.o
    0x08001ce8   0x08001ce8   0x0000007c   Code   RO         2494    i.StartAdcDmaInit   breakeradc.o
    0x08001d64   0x08001d64   0x000001a0   Code   RO         2495    i.StartAdcInit      breakeradc.o
    0x08001f04   0x08001f04   0x00000064   Code   RO          434    i.StartAdcTimInit   tim.o
    0x08001f68   0x08001f68   0x00000010   Code   RO          435    i.StartAdcTrigTimer  tim.o
    0x08001f78   0x08001f78   0x00000010   Code   RO          542    i.StartAllGpioInit  gpio.o
    0x08001f88   0x08001f88   0x0000019c   Code   RO          506    i.StartClockShow    bsp.o
    0x08002124   0x08002124   0x00000038   Code   RO          543    i.StartControlGpioInit  gpio.o
    0x0800215c   0x0800215c   0x00000028   Code   RO          585    i.StartIwdgInit     iwdg.o
    0x08002184   0x08002184   0x00000034   Code   RO          544    i.StartLedGpioInit  gpio.o
    0x080021b8   0x080021b8   0x00000028   Code   RO          545    i.StartStateGpioInit  gpio.o
    0x080021e0   0x080021e0   0x00000024   Code   RO          338    i.StartTaskAdc      freertos.o
    0x08002204   0x08002204   0x0000007c   Code   RO          470    i.StartUsartInit    usart.o
    0x08002280   0x08002280   0x00000014   Code   RO         2083    i.SwitchOff         breaker.o
    0x08002294   0x08002294   0x0000000a   Code   RO         2084    i.SwitchOffProtector  breaker.o
    0x0800229e   0x0800229e   0x00000014   Code   RO            9    i.SysTick_Handler   cs32f0xx_int.o
    0x080022b2   0x080022b2   0x00000002   PAD
    0x080022b4   0x080022b4   0x00000060   Code   RO         5256    i.SystemInit        system_cs32f0xx.o
    0x08002314   0x08002314   0x00000014   Code   RO         2649    i.TkOn              breakerio.o
    0x08002328   0x08002328   0x00000020   Code   RO         5545    i.__0printf         mc_p.l(printfa.o)
    0x08002348   0x08002348   0x0000002e   Code   RO         5646    i.__ARM_clz         mf_p.l(depilogue.o)
    0x08002376   0x08002376   0x0000001a   Code   RO         1341    i.__ARM_common_switch8  tasks.o
    0x08002390   0x08002390   0x0000000e   Code   RO         5658    i.__scatterload_copy  mc_p.l(handlers.o)
    0x0800239e   0x0800239e   0x00000002   Code   RO         5659    i.__scatterload_null  mc_p.l(handlers.o)
    0x080023a0   0x080023a0   0x0000000e   Code   RO         5660    i.__scatterload_zeroinit  mc_p.l(handlers.o)
    0x080023ae   0x080023ae   0x00000002   PAD
    0x080023b0   0x080023b0   0x0000000c   Code   RO         5636    i.__set_errno       mc_p.l(errno.o)
    0x080023bc   0x080023bc   0x00000174   Code   RO         5552    i._fp_digits        mc_p.l(printfa.o)
    0x08002530   0x08002530   0x000006ec   Code   RO         5553    i._printf_core      mc_p.l(printfa.o)
    0x08002c1c   0x08002c1c   0x00000020   Code   RO         5554    i._printf_post_padding  mc_p.l(printfa.o)
    0x08002c3c   0x08002c3c   0x0000002c   Code   RO         5555    i._printf_pre_padding  mc_p.l(printfa.o)
    0x08002c68   0x08002c68   0x0000002e   Code   RO         2730    i.adc_calibration_value_get  cs32f0xx_adc.o
    0x08002c96   0x08002c96   0x0000000a   Code   RO         2731    i.adc_channel_config  cs32f0xx_adc.o
    0x08002ca0   0x08002ca0   0x00000010   Code   RO         2733    i.adc_config_struct_init  cs32f0xx_adc.o
    0x08002cb0   0x08002cb0   0x00000012   Code   RO         2735    i.adc_conversion_start  cs32f0xx_adc.o
    0x08002cc2   0x08002cc2   0x00000002   PAD
    0x08002cc4   0x08002cc4   0x00000040   Code   RO         2738    i.adc_def_init      cs32f0xx_adc.o
    0x08002d04   0x08002d04   0x00000014   Code   RO         2740    i.adc_dma_enable_ctrl  cs32f0xx_adc.o
    0x08002d18   0x08002d18   0x00000010   Code   RO         2741    i.adc_dma_mode_set  cs32f0xx_adc.o
    0x08002d28   0x08002d28   0x00000012   Code   RO         2742    i.adc_enable_ctrl   cs32f0xx_adc.o
    0x08002d3a   0x08002d3a   0x0000001c   Code   RO         2744    i.adc_flag_status_get  cs32f0xx_adc.o
    0x08002d56   0x08002d56   0x00000002   PAD
    0x08002d58   0x08002d58   0x0000002c   Code   RO         2745    i.adc_init          cs32f0xx_adc.o
    0x08002d84   0x08002d84   0x00000020   Code   RO          508    i.bsp_Init          bsp.o
    0x08002da4   0x08002da4   0x000000c4   Code   RO         2497    i.countbreakerParaAn  breakeradc.o
    0x08002e68   0x08002e68   0x00000044   Code   RO          397    i.cs_start_systick_config  systick.o
    0x08002eac   0x08002eac   0x0000006c   Code   RO         3020    i.dma_def_init      cs32f0xx_dma.o
    0x08002f18   0x08002f18   0x00000018   Code   RO         3021    i.dma_enable_ctrl   cs32f0xx_dma.o
    0x08002f30   0x08002f30   0x00000058   Code   RO         3024    i.dma_init          cs32f0xx_dma.o
    0x08002f88   0x08002f88   0x0000000c   Code   RO         3025    i.dma_interrupt_flag_clear  cs32f0xx_dma.o
    0x08002f94   0x08002f94   0x00000010   Code   RO         3026    i.dma_interrupt_set  cs32f0xx_dma.o
    0x08002fa4   0x08002fa4   0x00000014   Code   RO         3027    i.dma_interrupt_status_get  cs32f0xx_dma.o
    0x08002fb8   0x08002fb8   0x00000024   Code   RO          472    i.fputc             usart.o
    0x08002fdc   0x08002fdc   0x00000010   Code   RO         3347    i.fwdt_enable       cs32f0xx_fwdt.o
    0x08002fec   0x08002fec   0x0000000c   Code   RO         3349    i.fwdt_prescaler_set  cs32f0xx_fwdt.o
    0x08002ff8   0x08002ff8   0x00000010   Code   RO         3350    i.fwdt_reload_counter  cs32f0xx_fwdt.o
    0x08003008   0x08003008   0x0000000c   Code   RO         3351    i.fwdt_reload_set   cs32f0xx_fwdt.o
    0x08003014   0x08003014   0x0000000c   Code   RO         3353    i.fwdt_write_access_enable_ctrl  cs32f0xx_fwdt.o
    0x08003020   0x08003020   0x00000004   Code   RO         3404    i.gpio_bits_reset   cs32f0xx_gpio.o
    0x08003024   0x08003024   0x00000004   Code   RO         3405    i.gpio_bits_set     cs32f0xx_gpio.o
    0x08003028   0x08003028   0x00000070   Code   RO         3407    i.gpio_init         cs32f0xx_gpio.o
    0x08003098   0x08003098   0x0000000e   Code   RO         3408    i.gpio_input_data_bit_read  cs32f0xx_gpio.o
    0x080030a6   0x080030a6   0x00000020   Code   RO         3410    i.gpio_mf_config    cs32f0xx_gpio.o
    0x080030c6   0x080030c6   0x0000000c   Code   RO         1467    i.inHandlerMode     cmsis_os.o
    0x080030d2   0x080030d2   0x00000012   Code   RO          273    i.main              main.o
    0x080030e4   0x080030e4   0x0000000c   Code   RO         1469    i.makeFreeRtosPriority  cmsis_os.o
    0x080030f0   0x080030f0   0x00000050   Code   RO         3737    i.nvic_init         cs32f0xx_misc.o
    0x08003140   0x08003140   0x00000010   Code   RO         1471    i.osDelay           cmsis_os.o
    0x08003150   0x08003150   0x0000000a   Code   RO         1474    i.osKernelStart     cmsis_os.o
    0x0800315a   0x0800315a   0x00000040   Code   RO         1500    i.osSemaphoreCreate  cmsis_os.o
    0x0800319a   0x0800319a   0x00000002   PAD
    0x0800319c   0x0800319c   0x0000004c   Code   RO         1503    i.osSemaphoreRelease  cmsis_os.o
    0x080031e8   0x080031e8   0x00000064   Code   RO         1504    i.osSemaphoreWait   cmsis_os.o
    0x0800324c   0x0800324c   0x00000058   Code   RO         1508    i.osThreadCreate    cmsis_os.o
    0x080032a4   0x080032a4   0x00000058   Code   RO         1050    i.prvAddCurrentTaskToDelayedList  tasks.o
    0x080032fc   0x080032fc   0x000000b8   Code   RO         1051    i.prvAddNewTaskToReadyList  tasks.o
    0x080033b4   0x080033b4   0x0000005c   Code   RO         1351    i.prvCheckForValidListAndQueue  timers.o
    0x08003410   0x08003410   0x00000026   Code   RO          738    i.prvCopyDataFromQueue  queue.o
    0x08003436   0x08003436   0x00000070   Code   RO          739    i.prvCopyDataToQueue  queue.o
    0x080034a6   0x080034a6   0x00000026   Code   RO         1052    i.prvDeleteTCB      tasks.o
    0x080034cc   0x080034cc   0x00000044   Code   RO         1818    i.prvHeapInit       heap_4.o
    0x08003510   0x08003510   0x00000048   Code   RO         1053    i.prvIdleTask       tasks.o
    0x08003558   0x08003558   0x0000001c   Code   RO          741    i.prvInitialiseNewQueue  queue.o
    0x08003574   0x08003574   0x0000007c   Code   RO         1054    i.prvInitialiseNewTask  tasks.o
    0x080035f0   0x080035f0   0x0000004c   Code   RO         1819    i.prvInsertBlockIntoFreeList  heap_4.o
    0x0800363c   0x0800363c   0x00000038   Code   RO         1353    i.prvInsertTimerInActiveList  timers.o
    0x08003674   0x08003674   0x0000001c   Code   RO          742    i.prvIsQueueEmpty   queue.o
    0x08003690   0x08003690   0x000000b0   Code   RO         1354    i.prvProcessReceivedCommands  timers.o
    0x08003740   0x08003740   0x0000009c   Code   RO         1355    i.prvProcessTimerOrBlockTask  timers.o
    0x080037dc   0x080037dc   0x00000020   Code   RO         1055    i.prvResetNextTaskUnblockTime  tasks.o
    0x080037fc   0x080037fc   0x00000028   Code   RO         1356    i.prvSampleTimeNow  timers.o
    0x08003824   0x08003824   0x00000060   Code   RO         1357    i.prvSwitchTimerLists  timers.o
    0x08003884   0x08003884   0x00000014   Code   RO         1869    i.prvTaskExitError  port.o
    0x08003898   0x08003898   0x00000024   Code   RO         1358    i.prvTimerTask      timers.o
    0x080038bc   0x080038bc   0x00000070   Code   RO          743    i.prvUnlockQueue    queue.o
    0x0800392c   0x0800392c   0x000000b0   Code   RO         1820    i.pvPortMalloc      heap_4.o
    0x080039dc   0x080039dc   0x00000018   Code   RO         1057    i.pvTaskIncrementMutexHeldCount  tasks.o
    0x080039f4   0x080039f4   0x00000020   Code   RO         1870    i.pxPortInitialiseStack  port.o
    0x08003a14   0x08003a14   0x00000018   Code   RO         3844    i.rcu_ahb_periph_clock_enable_ctrl  cs32f0xx_rcu.o
    0x08003a2c   0x08003a2c   0x00000018   Code   RO         3847    i.rcu_apb1_periph_reset_enable_ctrl  cs32f0xx_rcu.o
    0x08003a44   0x08003a44   0x00000018   Code   RO         3848    i.rcu_apb2_periph_clock_enable_ctrl  cs32f0xx_rcu.o
    0x08003a5c   0x08003a5c   0x00000018   Code   RO         3849    i.rcu_apb2_periph_reset_enable_ctrl  cs32f0xx_rcu.o
    0x08003a74   0x08003a74   0x00000144   Code   RO         3850    i.rcu_clk_freq_get  cs32f0xx_rcu.o
    0x08003bb8   0x08003bb8   0x00000010   Code   RO         3878    i.rcu_sysclk_switch_get  cs32f0xx_rcu.o
    0x08003bc8   0x08003bc8   0x00000114   Code   RO         2387    i.shortInstantProtector  currprotectorshortinstant.o
    0x08003cdc   0x08003cdc   0x0000003c   Code   RO         1987    i.sqrSumAverSqrt    usrlib.o
    0x08003d18   0x08003d18   0x00000048   Code   RO         5287    i.sqrt              m_ps.l(sqrt.o)
    0x08003d60   0x08003d60   0x00000074   Code   RO         4382    i.tim_ch4oc_init    cs32f0xx_tim.o
    0x08003dd4   0x08003dd4   0x00000014   Code   RO         4393    i.tim_compare_struct_init  cs32f0xx_tim.o
    0x08003de8   0x08003de8   0x00000012   Code   RO         4394    i.tim_config_struct_init  cs32f0xx_tim.o
    0x08003dfa   0x08003dfa   0x00000002   PAD
    0x08003dfc   0x08003dfc   0x000000b4   Code   RO         4399    i.tim_def_init      cs32f0xx_tim.o
    0x08003eb0   0x08003eb0   0x00000014   Code   RO         4403    i.tim_enable_ctrl   cs32f0xx_tim.o
    0x08003ec4   0x08003ec4   0x00000018   Code   RO         4423    i.tim_pwm_output_set  cs32f0xx_tim.o
    0x08003edc   0x08003edc   0x0000007c   Code   RO         4427    i.tim_timer_config  cs32f0xx_tim.o
    0x08003f58   0x08003f58   0x00000014   Code   RO          399    i.timing_delay_decrement  systick.o
    0x08003f6c   0x08003f6c   0x00000008   Code   RO         4899    i.usart_data_send   cs32f0xx_usart.o
    0x08003f74   0x08003f74   0x000000b8   Code   RO         4900    i.usart_def_init    cs32f0xx_usart.o
    0x0800402c   0x0800402c   0x00000014   Code   RO         4908    i.usart_enable_ctrl  cs32f0xx_usart.o
    0x08004040   0x08004040   0x0000000e   Code   RO         4910    i.usart_flag_status_get  cs32f0xx_usart.o
    0x0800404e   0x0800404e   0x00000002   PAD
    0x08004050   0x08004050   0x000000a8   Code   RO         4913    i.usart_init        cs32f0xx_usart.o
    0x080040f8   0x080040f8   0x00000026   Code   RO          701    i.uxListRemove      list.o
    0x0800411e   0x0800411e   0x00000002   PAD
    0x08004120   0x08004120   0x00000014   Code   RO          339    i.vApplicationGetIdleTaskMemory  freertos.o
    0x08004134   0x08004134   0x00000018   Code   RO          340    i.vApplicationGetTimerTaskMemory  freertos.o
    0x0800414c   0x0800414c   0x00000008   Code   RO          341    i.vApplicationTickHook  freertos.o
    0x08004154   0x08004154   0x00000016   Code   RO          702    i.vListInitialise   list.o
    0x0800416a   0x0800416a   0x00000006   Code   RO          703    i.vListInitialiseItem  list.o
    0x08004170   0x08004170   0x00000030   Code   RO          704    i.vListInsert       list.o
    0x080041a0   0x080041a0   0x00000018   Code   RO          705    i.vListInsertEnd    list.o
    0x080041b8   0x080041b8   0x00000018   Code   RO         1872    i.vPortEnterCritical  port.o
    0x080041d0   0x080041d0   0x0000001c   Code   RO         1873    i.vPortExitCritical  port.o
    0x080041ec   0x080041ec   0x00000044   Code   RO         1821    i.vPortFree         heap_4.o
    0x08004230   0x08004230   0x00000018   Code   RO         1874    i.vPortYield        port.o
    0x08004248   0x08004248   0x00000024   Code   RO          747    i.vQueueAddToRegistry  queue.o
    0x0800426c   0x0800426c   0x00000044   Code   RO          750    i.vQueueWaitForMessageRestricted  queue.o
    0x080042b0   0x080042b0   0x00000030   Code   RO         1063    i.vTaskDelay        tasks.o
    0x080042e0   0x080042e0   0x00000010   Code   RO         1066    i.vTaskInternalSetTimeOutState  tasks.o
    0x080042f0   0x080042f0   0x0000000c   Code   RO         1067    i.vTaskMissedYield  tasks.o
    0x080042fc   0x080042fc   0x00000024   Code   RO         1069    i.vTaskPlaceOnEventList  tasks.o
    0x08004320   0x08004320   0x00000030   Code   RO         1070    i.vTaskPlaceOnEventListRestricted  tasks.o
    0x08004350   0x08004350   0x00000070   Code   RO         1072    i.vTaskPriorityDisinheritAfterTimeout  tasks.o
    0x080043c0   0x080043c0   0x00000068   Code   RO         1077    i.vTaskStartScheduler  tasks.o
    0x08004428   0x08004428   0x00000010   Code   RO         1079    i.vTaskSuspendAll   tasks.o
    0x08004438   0x08004438   0x00000058   Code   RO         1080    i.vTaskSwitchContext  tasks.o
    0x08004490   0x08004490   0x00000050   Code   RO         1875    i.xPortStartScheduler  port.o
    0x080044e0   0x080044e0   0x00000024   Code   RO         1876    i.xPortSysTickHandler  port.o
    0x08004504   0x08004504   0x0000003c   Code   RO          753    i.xQueueGenericCreate  queue.o
    0x08004540   0x08004540   0x00000040   Code   RO          754    i.xQueueGenericCreateStatic  queue.o
    0x08004580   0x08004580   0x0000006c   Code   RO          755    i.xQueueGenericReset  queue.o
    0x080045ec   0x080045ec   0x00000118   Code   RO          756    i.xQueueGenericSend  queue.o
    0x08004704   0x08004704   0x0000008c   Code   RO          757    i.xQueueGenericSendFromISR  queue.o
    0x08004790   0x08004790   0x00000074   Code   RO          758    i.xQueueGiveFromISR  queue.o
    0x08004804   0x08004804   0x00000102   Code   RO          763    i.xQueueReceive     queue.o
    0x08004906   0x08004906   0x00000078   Code   RO          764    i.xQueueReceiveFromISR  queue.o
    0x0800497e   0x0800497e   0x00000140   Code   RO          765    i.xQueueSemaphoreTake  queue.o
    0x08004abe   0x08004abe   0x00000002   PAD
    0x08004ac0   0x08004ac0   0x0000005c   Code   RO         1081    i.xTaskCheckForTimeOut  tasks.o
    0x08004b1c   0x08004b1c   0x00000052   Code   RO         1082    i.xTaskCreate       tasks.o
    0x08004b6e   0x08004b6e   0x00000044   Code   RO         1083    i.xTaskCreateStatic  tasks.o
    0x08004bb2   0x08004bb2   0x00000002   PAD
    0x08004bb4   0x08004bb4   0x00000020   Code   RO         1087    i.xTaskGetSchedulerState  tasks.o
    0x08004bd4   0x08004bd4   0x0000000c   Code   RO         1088    i.xTaskGetTickCount  tasks.o
    0x08004be0   0x08004be0   0x000000c8   Code   RO         1090    i.xTaskIncrementTick  tasks.o
    0x08004ca8   0x08004ca8   0x00000068   Code   RO         1093    i.xTaskPriorityDisinherit  tasks.o
    0x08004d10   0x08004d10   0x00000078   Code   RO         1094    i.xTaskPriorityInherit  tasks.o
    0x08004d88   0x08004d88   0x00000064   Code   RO         1095    i.xTaskRemoveFromEventList  tasks.o
    0x08004dec   0x08004dec   0x000000ac   Code   RO         1096    i.xTaskResumeAll    tasks.o
    0x08004e98   0x08004e98   0x00000058   Code   RO         1363    i.xTimerCreateTimerTask  timers.o
    0x08004ef0   0x08004ef0   0x00000050   Code   RO         1364    i.xTimerGenericCommand  timers.o
    0x08004f40   0x08004f40   0x0000001c   Data   RO          343    .constdata          freertos.o
    0x08004f5c   0x08004f5c   0x0000000d   Data   RO         2499    .constdata          breakeradc.o
    0x08004f69   0x08004f69   0x00000003   PAD
    0x08004f6c   0x08004f6c   0x00000008   Data   RO          344    .conststring        freertos.o
    0x08004f74   0x08004f74   0x00000020   Data   RO         5656    Region$$Table       anon$$obj.o


    Execution Region RW_IRAM1 (Exec base: 0x20000000, Load base: 0x08004f94, Size: 0x00001ca0, Max: 0x00002000, ABSOLUTE, COMPRESSED[0x00000080])

    Exec Addr    Load Addr    Size         Type   Attr      Idx    E Section Name        Object

    0x20000000   COMPRESSED   0x00000004   Data   RW          345    .data               freertos.o
    0x20000004   COMPRESSED   0x00000004   Data   RW          400    .data               systick.o
    0x20000008   COMPRESSED   0x0000003c   Data   RW         1099    .data               tasks.o
    0x20000044   COMPRESSED   0x00000014   Data   RW         1370    .data               timers.o
    0x20000058   COMPRESSED   0x00000018   Data   RW         1826    .data               heap_4.o
    0x20000070   COMPRESSED   0x00000004   Data   RW         1877    .data               port.o
    0x20000074   COMPRESSED   0x00000002   Data   RW         2085    .data               breaker.o
    0x20000076   COMPRESSED   0x0000007a   Data   RW         2184    .data               currprotector.o
    0x200000f0   COMPRESSED   0x00000028   Data   RW         2260    .data               currprotectorlongdelay.o
    0x20000118   COMPRESSED   0x00000030   Data   RW         2330    .data               currprotectorshortdelay.o
    0x20000148   COMPRESSED   0x0000000c   Data   RW         2388    .data               currprotectorshortinstant.o
    0x20000154   COMPRESSED   0x00000024   Data   RW         2500    .data               breakeradc.o
    0x20000178   COMPRESSED   0x00000010   Data   RW         3881    .data               cs32f0xx_rcu.o
    0x20000188   COMPRESSED   0x00000014   Data   RW         5257    .data               system_cs32f0xx.o
    0x2000019c   COMPRESSED   0x00000004   Data   RW         5621    .data               mc_p.l(stdout.o)
    0x200001a0   COMPRESSED   0x00000004   Data   RW         5637    .data               mc_p.l(errno.o)
    0x200001a4        -       0x000006a8   Zero   RW          342    .bss                freertos.o
    0x2000084c        -       0x00000040   Zero   RW          766    .bss                queue.o
    0x2000088c        -       0x000000f0   Zero   RW         1098    .bss                tasks.o
    0x2000097c        -       0x000000e8   Zero   RW         1369    .bss                timers.o
    0x20000a64        -       0x00000600   Zero   RW         1825    .bss                heap_4.o
    0x20001064        -       0x00000030   Zero   RW         1935    .bss                calibmetermem.o
    0x20001094        -       0x00000017   Zero   RW         2183    .bss                currprotector.o
    0x200010ab   COMPRESSED   0x00000001   PAD
    0x200010ac        -       0x000007f0   Zero   RW         2498    .bss                breakeradc.o
    0x2000189c   COMPRESSED   0x00000004   PAD
    0x200018a0        -       0x00000400   Zero   RW         5245    STACK               startup_cs32f030.o


==============================================================================

Image component sizes


      Code (inc. data)   RO Data    RW Data    ZI Data      Debug   Object Name

       106         28          0          2          0      18168   breaker.o
      1694        356         13         36       2032      11165   breakeradc.o
       104         28          0          0          0       2454   breakerio.o
       444        288          0          0          0        976   bsp.o
       152         22          0          0         48       1466   calibmetermem.o
       378         12          0          0          0      13624   cmsis_os.o
       280         16          0          0          0       6652   cs32f0xx_adc.o
       268         34          0          0          0       4890   cs32f0xx_dma.o
        68         34          0          0          0       2587   cs32f0xx_fwdt.o
       166          0          0          0          0       3738   cs32f0xx_gpio.o
        56          4          0          0          0      87514   cs32f0xx_int.o
        80         10          0          0          0       1136   cs32f0xx_misc.o
       436         56          0         16          0       5030   cs32f0xx_rcu.o
       502         76          0          0          0       6160   cs32f0xx_tim.o
       394         54          0          0          0       4212   cs32f0xx_usart.o
       844        200          0        122         23       5951   currprotector.o
      1020         38          0         40          0       3892   currprotectorlongdelay.o
      1172         32          0         48          0       3953   currprotectorshortdelay.o
       296         18          0         12          0       2835   currprotectorshortinstant.o
         0          0          0          0          0      10128   event_groups.o
       128         26         36          4       1704       8022   freertos.o
       164         16          0          0          0       2222   gpio.o
       388         22          0         24       1536       4175   heap_4.o
        48         10          0          0          0        823   iwdg.o
       138          0          0          0          0       3362   list.o
        18          0          0          0          0     114233   main.o
         8          0          0          0          0        405   memmgr.o
       366         58          0          4          0       6804   port.o
      1888          4          0          0         64      17155   queue.o
        28          8        180          0       1024        624   startup_cs32f030.o
       184         20          0         20          0       1695   system_cs32f0xx.o
        88         22          0          4          0       9455   systick.o
      2050        158          0         60        240      22881   tasks.o
       116         12          0          0          0        966   tim.o
       820         76          0         20        232       8879   timers.o
       160         12          0          0          0       2669   usart.o
        60          0          0          0          0       1468   usrlib.o

    ----------------------------------------------------------------------
     15138       1750        264        412       6908     402369   Object Totals
         0          0         32          0          0          0   (incl. Generated)
        26          0          3          0          5          0   (incl. Padding)

    ----------------------------------------------------------------------

      Code (inc. data)   RO Data    RW Data    ZI Data      Debug   Library Member Name

        72          6          0          0          0         76   sqrt.o
        86          0          0          0          0          0   __dczerorl2.o
         0          0          0          0          0          0   entry.o
         0          0          0          0          0          0   entry10a.o
         0          0          0          0          0          0   entry11a.o
         8          4          0          0          0          0   entry2.o
         4          0          0          0          0          0   entry5.o
         0          0          0          0          0          0   entry7b.o
         0          0          0          0          0          0   entry8b.o
         8          4          0          0          0          0   entry9a.o
        12          6          0          4          0         60   errno.o
        30          0          0          0          0          0   handlers.o
        40          0          0          0          0         72   idiv.o
        36          8          0          0          0         68   init.o
         0          0          0          0          0          0   iusefp.o
        32          0          0          0          0         68   llshl.o
        38          0          0          0          0         68   llsshr.o
        34          0          0          0          0         68   llushr.o
        36          0          0          0          0         60   memcpya.o
      2252         98          0          0          0        412   printfa.o
         0          0          0          4          0          0   stdout.o
        44          0          0          0          0         72   uidiv.o
        96          0          0          0          0         84   uldiv.o
        20          0          0          0          0         60   uread4.o
        18          0          0          0          0         60   uwrite4.o
        40          2          0          0          0         68   cdcmple.o
        40          2          0          0          0         68   cdrcmple.o
        20          0          0          0          0         68   cfcmple.o
        20          0          0          0          0         68   cfrcmple.o
        56          0          0          0          0         68   d2f.o
       356          4          0          0          0        140   dadd.o
       240          6          0          0          0         84   ddiv.o
       236          0          0          0          0        216   depilogue.o
        64         10          0          0          0         68   dfixul.o
        28          4          0          0          0         68   dfltui.o
       208          6          0          0          0         88   dmul.o
       162          0          0          0          0         80   dsqrt.o
        40          0          0          0          0         60   f2d.o
       178          0          0          0          0        108   fadd.o
       124          0          0          0          0         72   fdiv.o
       130          0          0          0          0        144   fepilogue.o
        22          0          0          0          0         68   fflti.o
        14          0          0          0          0         68   ffltui.o
       122          0          0          0          0         72   fmul.o

    ----------------------------------------------------------------------
      4970        160          0          8          0       2904   Library Totals
         4          0          0          0          0          0   (incl. Padding)

    ----------------------------------------------------------------------

      Code (inc. data)   RO Data    RW Data    ZI Data      Debug   Library Name

        72          6          0          0          0         76   m_ps.l
      2794        120          0          8          0       1152   mc_p.l
      2100         34          0          0          0       1676   mf_p.l

    ----------------------------------------------------------------------
      4970        160          0          8          0       2904   Library Totals

    ----------------------------------------------------------------------

==============================================================================


      Code (inc. data)   RO Data    RW Data    ZI Data      Debug   

     20108       1910        264        420       6908     395381   Grand Totals
     20108       1910        264        128       6908     395381   ELF Image Totals (compressed)
     20108       1910        264        128          0          0   ROM Totals

==============================================================================

    Total RO  Size (Code + RO Data)                20372 (  19.89kB)
    Total RW  Size (RW Data + ZI Data)              7328 (   7.16kB)
    Total ROM Size (Code + RO Data + RW Data)      20500 (  20.02kB)

==============================================================================

