<html>
<body>
<pre>
<h1>µVision Build Log</h1>
<h2>Tool Versions:</h2>
IDE-Version: ¦ÌVision V5.32.0.0
Copyright (C) 2020 ARM Ltd and ARM Germany GmbH. All rights reserved.
License Information: frae sddf, wer4, LIC=FYKYW-QV0KQ-WFFI7-EH8J7-KBDKJ-P1E6I
 
Tool Versions:
Toolchain:       MDK-ARM Plus  Version: 5.32.0.0
Toolchain Path:  C:\Keil_v5\ARM\ARMCLANG\Bin
C Compiler:      ArmClang.exe V6.14.1
Assembler:       Armasm.exe V6.14.1
Linker/Locator:  ArmLink.exe V6.14.1
Library Manager: ArmAr.exe V6.14.1
Hex Converter:   FromElf.exe V6.14.1
CPU DLL:         SARMCM3.DLL V5.32.0.0
Dialog DLL:      DARMCM1.DLL V1.19.4.0
Target DLL:      Segger\JL2CM3.dll V2.99.38.0
Dialog DLL:      TARMCM1.DLL V1.14.3.0
 
<h2>Project:</h2>
F:\xxk\source\User_Project\cs32f0xx_demo.uvprojx
Project File Date:  11/29/2021

<h2>Output:</h2>
*** Using Compiler 'V6.14.1', folder: 'C:\Keil_v5\ARM\ARMCLANG\Bin'
Rebuild target 'cs32f0xx_start_demo'
Note: source file 'C:\Keil_v5\ARM\PACK\Chipsea\CS32F0xx_DFP\1.0.5\Device\HAL_Driver\src\cs32f0xx_adc.c' - object file renamed from '.\cs32f0xx_adc.o' to '.\cs32f0xx_adc_1.o'.
Note: source file 'C:\Keil_v5\ARM\PACK\Chipsea\CS32F0xx_DFP\1.0.5\Device\HAL_Driver\src\cs32f0xx_crc.c' - object file renamed from '.\cs32f0xx_crc.o' to '.\cs32f0xx_crc_1.o'.
Note: source file 'C:\Keil_v5\ARM\PACK\Chipsea\CS32F0xx_DFP\1.0.5\Device\HAL_Driver\src\cs32f0xx_debug.c' - object file renamed from '.\cs32f0xx_debug.o' to '.\cs32f0xx_debug_1.o'.
Note: source file 'C:\Keil_v5\ARM\PACK\Chipsea\CS32F0xx_DFP\1.0.5\Device\HAL_Driver\src\cs32f0xx_dma.c' - object file renamed from '.\cs32f0xx_dma.o' to '.\cs32f0xx_dma_1.o'.
Note: source file 'C:\Keil_v5\ARM\PACK\Chipsea\CS32F0xx_DFP\1.0.5\Device\HAL_Driver\src\cs32f0xx_exti.c' - object file renamed from '.\cs32f0xx_exti.o' to '.\cs32f0xx_exti_1.o'.
Note: source file 'C:\Keil_v5\ARM\PACK\Chipsea\CS32F0xx_DFP\1.0.5\Device\HAL_Driver\src\cs32f0xx_flash.c' - object file renamed from '.\cs32f0xx_flash.o' to '.\cs32f0xx_flash_1.o'.
Note: source file 'C:\Keil_v5\ARM\PACK\Chipsea\CS32F0xx_DFP\1.0.5\Device\HAL_Driver\src\cs32f0xx_fwdt.c' - object file renamed from '.\cs32f0xx_fwdt.o' to '.\cs32f0xx_fwdt_1.o'.
Note: source file 'C:\Keil_v5\ARM\PACK\Chipsea\CS32F0xx_DFP\1.0.5\Device\HAL_Driver\src\cs32f0xx_i2c.c' - object file renamed from '.\cs32f0xx_i2c.o' to '.\cs32f0xx_i2c_1.o'.
Note: source file 'C:\Keil_v5\ARM\PACK\Chipsea\CS32F0xx_DFP\1.0.5\Device\HAL_Driver\src\cs32f0xx_pmu.c' - object file renamed from '.\cs32f0xx_pmu.o' to '.\cs32f0xx_pmu_1.o'.
Note: source file 'C:\Keil_v5\ARM\PACK\Chipsea\CS32F0xx_DFP\1.0.5\Device\HAL_Driver\src\cs32f0xx_rcu.c' - object file renamed from '.\cs32f0xx_rcu.o' to '.\cs32f0xx_rcu_1.o'.
Note: source file 'C:\Keil_v5\ARM\PACK\Chipsea\CS32F0xx_DFP\1.0.5\Device\HAL_Driver\src\cs32f0xx_spi.c' - object file renamed from '.\cs32f0xx_spi.o' to '.\cs32f0xx_spi_1.o'.
Note: source file 'C:\Keil_v5\ARM\PACK\Chipsea\CS32F0xx_DFP\1.0.5\Device\HAL_Driver\src\cs32f0xx_syscfg.c' - object file renamed from '.\cs32f0xx_syscfg.o' to '.\cs32f0xx_syscfg_1.o'.
Note: source file 'C:\Keil_v5\ARM\PACK\Chipsea\CS32F0xx_DFP\1.0.5\Device\HAL_Driver\src\cs32f0xx_tim.c' - object file renamed from '.\cs32f0xx_tim.o' to '.\cs32f0xx_tim_1.o'.
Note: source file 'C:\Keil_v5\ARM\PACK\Chipsea\CS32F0xx_DFP\1.0.5\Device\HAL_Driver\src\cs32f0xx_usart.c' - object file renamed from '.\cs32f0xx_usart.o' to '.\cs32f0xx_usart_1.o'.
Note: source file 'C:\Keil_v5\ARM\PACK\Chipsea\CS32F0xx_DFP\1.0.5\Device\HAL_Driver\src\cs32f0xx_wwdt.c' - object file renamed from '.\cs32f0xx_wwdt.o' to '.\cs32f0xx_wwdt_1.o'.
Note: source file 'RTE\Device\CS32F035K6U6\startup_cs32f036.S' - object file renamed from '.\startup_cs32f036.o' to '.\startup_cs32f036_1.o
compiling main.c...
compiling cs32f0xx_int.c...
compiling adc.c...
compiling fwdt.c...
compiling crc.c...
compiling i2c_ee.c...
compiling key.c...
compiling led.c...
compiling systick.c...
compiling tim.c...
compiling usart.c...
compiling w25x64.c...
compiling wkup.c...
compiling cs32f0xx_adc.c...
compiling cs32f0xx_debug.c...
compiling cs32f0xx_crc.c...
compiling cs32f0xx_dma.c...
compiling cs32f0xx_exti.c...
compiling cs32f0xx_fwdt.c...
compiling cs32f0xx_flash.c...
compiling cs32f0xx_gpio.c...
compiling cs32f0xx_misc.c...
compiling cs32f0xx_i2c.c...
compiling cs32f0xx_pmu.c...
compiling cs32f0xx_rcu.c...
compiling cs32f0xx_spi.c...
compiling cs32f0xx_syscfg.c...
compiling cs32f0xx_tim.c...
compiling cs32f0xx_usart.c...
assembling startup_cs32f036.S...
compiling cs32f0xx_wwdt.c...
compiling system_cs32f0xx.c...
linking...
Program Size: Code=1124 RO-data=216 RW-data=4 ZI-data=1036  
".\cs32f0xx_demo.axf" - 0 Error(s), 0 Warning(s).

<h2>Software Packages used:</h2>

Package Vendor: ARM
                http://www.keil.com/pack/ARM.CMSIS.5.7.0.pack
                ARM.CMSIS.5.7.0
                CMSIS (Cortex Microcontroller Software Interface Standard)
   * Component: CORE Version: 5.4.0

Package Vendor: Chipsea
                http://www.keil.com/pack/Chipsea.CS32F0xx_DFP.1.0.5.pack
                Chipsea.CS32F0xx_DFP.1.0.5
                Chipsea Technologies(ShenZhen) CS32F0 Series Device Support, Drivers and Examples
   * Component: ADC Version: 1.0.0
   * Component: CRC Version: 1.0.0
   * Component: DEBUG Version: 1.0.0
   * Component: DMA Version: 1.0.0
   * Component: EXTI Version: 1.0.0
   * Component: FWDT Version: 1.0.0
   * Component: Flash Version: 1.0.0
   * Component: Framework Version: 1.0.0
   * Component: GPIO Version: 1.0.0
   * Component: I2C Version: 1.0.0
   * Component: PMU Version: 1.0.0
   * Component: RCU Version: 1.0.0
   * Component: SPI Version: 1.0.0
   * Component: SYSCFG Version: 1.0.0
   * Component: TIM Version: 1.0.0
   * Component: USART Version: 1.0.0
   * Component: WWDT Version: 1.0.0
   * Component: Startup Version: 1.0.0

<h2>Collection of Component include folders:</h2>
  .\RTE\_cs32f0xx_start_demo
  C:\Keil_v5\ARM\PACK\ARM\CMSIS\5.7.0\CMSIS\Core\Include
  C:\Keil_v5\ARM\PACK\Chipsea\CS32F0xx_DFP\1.0.5\Device\HAL_Driver\inc
  C:\Keil_v5\ARM\PACK\Chipsea\CS32F0xx_DFP\1.0.5\Device\Include

<h2>Collection of Component Files used:</h2>

   * Component: ARM::CMSIS:CORE:5.4.0

   * Component: Chipsea::Device:HAL:ADC:1.0.0
      Include file:  Device\HAL_Driver\inc\cs32f0xx_adc.h
      Source file:   Device\HAL_Driver\src\cs32f0xx_adc.c

   * Component: Chipsea::Device:HAL:CRC:1.0.0
      Include file:  Device\HAL_Driver\inc\cs32f0xx_crc.h
      Source file:   Device\HAL_Driver\src\cs32f0xx_crc.c

   * Component: Chipsea::Device:HAL:DEBUG:1.0.0
      Source file:   Device\HAL_Driver\src\cs32f0xx_debug.c
      Include file:  Device\HAL_Driver\inc\cs32f0xx_debug.h

   * Component: Chipsea::Device:HAL:DMA:1.0.0
      Include file:  Device\HAL_Driver\inc\cs32f0xx_dma.h
      Source file:   Device\HAL_Driver\src\cs32f0xx_dma.c

   * Component: Chipsea::Device:HAL:EXTI:1.0.0
      Include file:  Device\HAL_Driver\inc\cs32f0xx_exti.h
      Source file:   Device\HAL_Driver\src\cs32f0xx_exti.c

   * Component: Chipsea::Device:HAL:FWDT:1.0.0
      Source file:   Device\HAL_Driver\src\cs32f0xx_fwdt.c
      Include file:  Device\HAL_Driver\inc\cs32f0xx_fwdt.h

   * Component: Chipsea::Device:HAL:Flash:1.0.0
      Include file:  Device\HAL_Driver\inc\cs32f0xx_flash.h
      Source file:   Device\HAL_Driver\src\cs32f0xx_flash.c

   * Component: Chipsea::Device:HAL:Framework:1.0.0
      Include file:  Device\HAL_Driver\inc\cs32f0xx_misc.h
      Source file:   Device\HAL_Driver\templates\Inc\cs32f0xx_conf.h
      Source file:   Device\HAL_Driver\src\cs32f0xx_misc.c
      Source file:   Device\HAL_Driver\templates\Src\cs32f0xx_it.c
      Include file:  Device\HAL_Driver\templates\Inc\cs32f0xx_it.h

   * Component: Chipsea::Device:HAL:GPIO:1.0.0
      Source file:   Device\HAL_Driver\src\cs32f0xx_gpio.c
      Include file:  Device\HAL_Driver\inc\cs32f0xx_gpio.h

   * Component: Chipsea::Device:HAL:I2C:1.0.0
      Include file:  Device\HAL_Driver\inc\cs32f0xx_i2c.h
      Source file:   Device\HAL_Driver\src\cs32f0xx_i2c.c

   * Component: Chipsea::Device:HAL:PMU:1.0.0
      Source file:   Device\HAL_Driver\src\cs32f0xx_pmu.c
      Include file:  Device\HAL_Driver\inc\cs32f0xx_pmu.h

   * Component: Chipsea::Device:HAL:RCU:1.0.0
      Include file:  Device\HAL_Driver\inc\cs32f0xx_rcu.h
      Source file:   Device\HAL_Driver\src\cs32f0xx_rcu.c

   * Component: Chipsea::Device:HAL:SPI:1.0.0
      Include file:  Device\HAL_Driver\inc\cs32f0xx_spi.h
      Source file:   Device\HAL_Driver\src\cs32f0xx_spi.c

   * Component: Chipsea::Device:HAL:SYSCFG:1.0.0
      Source file:   Device\HAL_Driver\src\cs32f0xx_syscfg.c
      Include file:  Device\HAL_Driver\inc\cs32f0xx_syscfg.h

   * Component: Chipsea::Device:HAL:TIM:1.0.0
      Include file:  Device\HAL_Driver\inc\cs32f0xx_tim.h
      Source file:   Device\HAL_Driver\src\cs32f0xx_tim.c

   * Component: Chipsea::Device:HAL:USART:1.0.0
      Source file:   Device\HAL_Driver\src\cs32f0xx_usart.c
      Include file:  Device\HAL_Driver\inc\cs32f0xx_usart.h

   * Component: Chipsea::Device:HAL:WWDT:1.0.0
      Source file:   Device\HAL_Driver\src\cs32f0xx_wwdt.c
      Include file:  Device\HAL_Driver\inc\cs32f0xx_wwdt.h

   * Component: Chipsea::Device:Startup:1.0.0
      Source file:   Device\Source\system_cs32f0xx.c
      Source file:   Device\Source\ARM\startup_cs32f036.S
Build Time Elapsed:  00:00:06
</pre>
</body>
</html>
