<!doctype html public "-//w3c//dtd html 4.0 transitional//en">
<html><head>
<title>Static Call Graph - [.\cs32f0xx_demo.axf]</title></head>
<body><HR>
<H1>Static Call Graph for image .\cs32f0xx_demo.axf</H1><HR>
<BR><P>#&#060CALLGRAPH&#062# ARM Linker, 6140101: Last Updated: Mon Nov 29 16:46:47 2021
<BR><P>
<H3>Maximum Stack Usage =         72 bytes + Unknown(Cycles, Untraceable Function Pointers)</H3><H3>
Call chain for Maximum Stack Depth:</H3>
main &rArr; cs_start_systick_config &rArr; SysTick_Config &rArr; __NVIC_SetPriority
<P>
<H3>
Mutually Recursive functions
</H3> <LI><a href="#[10]">ADC1_IRQHandler</a>&nbsp;&nbsp;&nbsp;&rArr;&nbsp;&nbsp;&nbsp;<a href="#[10]">ADC1_IRQHandler</a><BR>
</UL>
<P>
<H3>
Function Pointers
</H3><UL>
 <LI><a href="#[10]">ADC1_IRQHandler</a> from startup_cs32f036_1.o(.text) referenced from startup_cs32f036_1.o(RESET)
 <LI><a href="#[d]">DMA1_Channel1_IRQHandler</a> from startup_cs32f036_1.o(.text) referenced from startup_cs32f036_1.o(RESET)
 <LI><a href="#[e]">DMA1_Channel2_3_IRQHandler</a> from startup_cs32f036_1.o(.text) referenced from startup_cs32f036_1.o(RESET)
 <LI><a href="#[f]">DMA1_Channel4_5_IRQHandler</a> from startup_cs32f036_1.o(.text) referenced from startup_cs32f036_1.o(RESET)
 <LI><a href="#[a]">EXTI0_1_IRQHandler</a> from startup_cs32f036_1.o(.text) referenced from startup_cs32f036_1.o(RESET)
 <LI><a href="#[b]">EXTI2_3_IRQHandler</a> from startup_cs32f036_1.o(.text) referenced from startup_cs32f036_1.o(RESET)
 <LI><a href="#[c]">EXTI4_15_IRQHandler</a> from startup_cs32f036_1.o(.text) referenced from startup_cs32f036_1.o(RESET)
 <LI><a href="#[8]">FLASH_IRQHandler</a> from startup_cs32f036_1.o(.text) referenced from startup_cs32f036_1.o(RESET)
 <LI><a href="#[2]">HardFault_Handler</a> from cs32f0xx_int.o(.text.HardFault_Handler) referenced from startup_cs32f036_1.o(RESET)
 <LI><a href="#[19]">I2C1_IRQHandler</a> from startup_cs32f036_1.o(.text) referenced from startup_cs32f036_1.o(RESET)
 <LI><a href="#[1a]">I2C2_IRQHandler</a> from startup_cs32f036_1.o(.text) referenced from startup_cs32f036_1.o(RESET)
 <LI><a href="#[7]">LVD_IRQHandler</a> from startup_cs32f036_1.o(.text) referenced from startup_cs32f036_1.o(RESET)
 <LI><a href="#[1]">NMI_Handler</a> from cs32f0xx_int.o(.text.NMI_Handler) referenced from startup_cs32f036_1.o(RESET)
 <LI><a href="#[4]">PendSV_Handler</a> from cs32f0xx_int.o(.text.PendSV_Handler) referenced from startup_cs32f036_1.o(RESET)
 <LI><a href="#[9]">RCU_IRQHandler</a> from startup_cs32f036_1.o(.text) referenced from startup_cs32f036_1.o(RESET)
 <LI><a href="#[0]">Reset_Handler</a> from startup_cs32f036_1.o(.text) referenced from startup_cs32f036_1.o(RESET)
 <LI><a href="#[1b]">SPI1_IRQHandler</a> from startup_cs32f036_1.o(.text) referenced from startup_cs32f036_1.o(RESET)
 <LI><a href="#[1c]">SPI2_IRQHandler</a> from startup_cs32f036_1.o(.text) referenced from startup_cs32f036_1.o(RESET)
 <LI><a href="#[3]">SVC_Handler</a> from cs32f0xx_int.o(.text.SVC_Handler) referenced from startup_cs32f036_1.o(RESET)
 <LI><a href="#[5]">SysTick_Handler</a> from cs32f0xx_int.o(.text.SysTick_Handler) referenced from startup_cs32f036_1.o(RESET)
 <LI><a href="#[20]">SystemInit</a> from system_cs32f0xx.o(.text.SystemInit) referenced from startup_cs32f036_1.o(.text)
 <LI><a href="#[15]">TIM14_IRQHandler</a> from startup_cs32f036_1.o(.text) referenced from startup_cs32f036_1.o(RESET)
 <LI><a href="#[16]">TIM15_IRQHandler</a> from startup_cs32f036_1.o(.text) referenced from startup_cs32f036_1.o(RESET)
 <LI><a href="#[17]">TIM16_IRQHandler</a> from startup_cs32f036_1.o(.text) referenced from startup_cs32f036_1.o(RESET)
 <LI><a href="#[18]">TIM17_IRQHandler</a> from startup_cs32f036_1.o(.text) referenced from startup_cs32f036_1.o(RESET)
 <LI><a href="#[11]">TIM1_BRK_UP_TRG_COM_IRQHandler</a> from startup_cs32f036_1.o(.text) referenced from startup_cs32f036_1.o(RESET)
 <LI><a href="#[12]">TIM1_CC_IRQHandler</a> from startup_cs32f036_1.o(.text) referenced from startup_cs32f036_1.o(RESET)
 <LI><a href="#[13]">TIM3_IRQHandler</a> from startup_cs32f036_1.o(.text) referenced from startup_cs32f036_1.o(RESET)
 <LI><a href="#[14]">TIM6_IRQHandler</a> from startup_cs32f036_1.o(.text) referenced from startup_cs32f036_1.o(RESET)
 <LI><a href="#[1d]">USART1_IRQHandler</a> from startup_cs32f036_1.o(.text) referenced from startup_cs32f036_1.o(RESET)
 <LI><a href="#[1e]">USART2_IRQHandler</a> from startup_cs32f036_1.o(.text) referenced from startup_cs32f036_1.o(RESET)
 <LI><a href="#[6]">WWDT_IRQHandler</a> from startup_cs32f036_1.o(.text) referenced from startup_cs32f036_1.o(RESET)
 <LI><a href="#[21]">__main</a> from entry.o(.ARM.Collect$$$$00000000) referenced from startup_cs32f036_1.o(.text)
 <LI><a href="#[1f]">main</a> from main.o(.text.main) referenced from entry9a.o(.ARM.Collect$$$$0000000B)
</UL>
<P>
<H3>
Global Symbols
</H3>
<P><STRONG><a name="[21]"></a>__main</STRONG> (Thumb, 0 bytes, Stack size unknown bytes, entry.o(.ARM.Collect$$$$00000000))
<BR>[Address Reference Count : 1]<UL><LI> startup_cs32f036_1.o(.text)
</UL>
<P><STRONG><a name="[31]"></a>_main_stk</STRONG> (Thumb, 0 bytes, Stack size unknown bytes, entry2.o(.ARM.Collect$$$$00000001))

<P><STRONG><a name="[22]"></a>_main_scatterload</STRONG> (Thumb, 0 bytes, Stack size unknown bytes, entry5.o(.ARM.Collect$$$$00000004))
<BR><BR>[Calls]<UL><LI><a href="#[23]">&gt;&gt;</a>&nbsp;&nbsp;&nbsp;__scatterload
</UL>

<P><STRONG><a name="[24]"></a>__main_after_scatterload</STRONG> (Thumb, 0 bytes, Stack size unknown bytes, entry5.o(.ARM.Collect$$$$00000004))
<BR><BR>[Called By]<UL><LI><a href="#[23]">&gt;&gt;</a>&nbsp;&nbsp;&nbsp;__scatterload
</UL>

<P><STRONG><a name="[32]"></a>_main_clock</STRONG> (Thumb, 0 bytes, Stack size unknown bytes, entry7b.o(.ARM.Collect$$$$00000008))

<P><STRONG><a name="[33]"></a>_main_cpp_init</STRONG> (Thumb, 0 bytes, Stack size unknown bytes, entry8b.o(.ARM.Collect$$$$0000000A))

<P><STRONG><a name="[34]"></a>_main_init</STRONG> (Thumb, 0 bytes, Stack size unknown bytes, entry9a.o(.ARM.Collect$$$$0000000B))

<P><STRONG><a name="[35]"></a>__rt_final_cpp</STRONG> (Thumb, 0 bytes, Stack size unknown bytes, entry10a.o(.ARM.Collect$$$$0000000D))

<P><STRONG><a name="[36]"></a>__rt_final_exit</STRONG> (Thumb, 0 bytes, Stack size unknown bytes, entry11a.o(.ARM.Collect$$$$0000000F))

<P><STRONG><a name="[0]"></a>Reset_Handler</STRONG> (Thumb, 8 bytes, Stack size 0 bytes, startup_cs32f036_1.o(.text))
<BR>[Address Reference Count : 1]<UL><LI> startup_cs32f036_1.o(RESET)
</UL>
<P><STRONG><a name="[10]"></a>ADC1_IRQHandler</STRONG> (Thumb, 0 bytes, Stack size 0 bytes, startup_cs32f036_1.o(.text))
<BR><BR>[Calls]<UL><LI><a href="#[10]">&gt;&gt;</a>&nbsp;&nbsp;&nbsp;ADC1_IRQHandler
</UL>
<BR>[Called By]<UL><LI><a href="#[10]">&gt;&gt;</a>&nbsp;&nbsp;&nbsp;ADC1_IRQHandler
</UL>
<BR>[Address Reference Count : 1]<UL><LI> startup_cs32f036_1.o(RESET)
</UL>
<P><STRONG><a name="[d]"></a>DMA1_Channel1_IRQHandler</STRONG> (Thumb, 0 bytes, Stack size 0 bytes, startup_cs32f036_1.o(.text))
<BR>[Address Reference Count : 1]<UL><LI> startup_cs32f036_1.o(RESET)
</UL>
<P><STRONG><a name="[e]"></a>DMA1_Channel2_3_IRQHandler</STRONG> (Thumb, 0 bytes, Stack size 0 bytes, startup_cs32f036_1.o(.text))
<BR>[Address Reference Count : 1]<UL><LI> startup_cs32f036_1.o(RESET)
</UL>
<P><STRONG><a name="[f]"></a>DMA1_Channel4_5_IRQHandler</STRONG> (Thumb, 0 bytes, Stack size 0 bytes, startup_cs32f036_1.o(.text))
<BR>[Address Reference Count : 1]<UL><LI> startup_cs32f036_1.o(RESET)
</UL>
<P><STRONG><a name="[a]"></a>EXTI0_1_IRQHandler</STRONG> (Thumb, 0 bytes, Stack size 0 bytes, startup_cs32f036_1.o(.text))
<BR>[Address Reference Count : 1]<UL><LI> startup_cs32f036_1.o(RESET)
</UL>
<P><STRONG><a name="[b]"></a>EXTI2_3_IRQHandler</STRONG> (Thumb, 0 bytes, Stack size 0 bytes, startup_cs32f036_1.o(.text))
<BR>[Address Reference Count : 1]<UL><LI> startup_cs32f036_1.o(RESET)
</UL>
<P><STRONG><a name="[c]"></a>EXTI4_15_IRQHandler</STRONG> (Thumb, 0 bytes, Stack size 0 bytes, startup_cs32f036_1.o(.text))
<BR>[Address Reference Count : 1]<UL><LI> startup_cs32f036_1.o(RESET)
</UL>
<P><STRONG><a name="[8]"></a>FLASH_IRQHandler</STRONG> (Thumb, 0 bytes, Stack size 0 bytes, startup_cs32f036_1.o(.text))
<BR>[Address Reference Count : 1]<UL><LI> startup_cs32f036_1.o(RESET)
</UL>
<P><STRONG><a name="[19]"></a>I2C1_IRQHandler</STRONG> (Thumb, 0 bytes, Stack size 0 bytes, startup_cs32f036_1.o(.text))
<BR>[Address Reference Count : 1]<UL><LI> startup_cs32f036_1.o(RESET)
</UL>
<P><STRONG><a name="[1a]"></a>I2C2_IRQHandler</STRONG> (Thumb, 0 bytes, Stack size 0 bytes, startup_cs32f036_1.o(.text))
<BR>[Address Reference Count : 1]<UL><LI> startup_cs32f036_1.o(RESET)
</UL>
<P><STRONG><a name="[7]"></a>LVD_IRQHandler</STRONG> (Thumb, 0 bytes, Stack size 0 bytes, startup_cs32f036_1.o(.text))
<BR>[Address Reference Count : 1]<UL><LI> startup_cs32f036_1.o(RESET)
</UL>
<P><STRONG><a name="[9]"></a>RCU_IRQHandler</STRONG> (Thumb, 0 bytes, Stack size 0 bytes, startup_cs32f036_1.o(.text))
<BR>[Address Reference Count : 1]<UL><LI> startup_cs32f036_1.o(RESET)
</UL>
<P><STRONG><a name="[1b]"></a>SPI1_IRQHandler</STRONG> (Thumb, 0 bytes, Stack size 0 bytes, startup_cs32f036_1.o(.text))
<BR>[Address Reference Count : 1]<UL><LI> startup_cs32f036_1.o(RESET)
</UL>
<P><STRONG><a name="[1c]"></a>SPI2_IRQHandler</STRONG> (Thumb, 0 bytes, Stack size 0 bytes, startup_cs32f036_1.o(.text))
<BR>[Address Reference Count : 1]<UL><LI> startup_cs32f036_1.o(RESET)
</UL>
<P><STRONG><a name="[15]"></a>TIM14_IRQHandler</STRONG> (Thumb, 0 bytes, Stack size 0 bytes, startup_cs32f036_1.o(.text))
<BR>[Address Reference Count : 1]<UL><LI> startup_cs32f036_1.o(RESET)
</UL>
<P><STRONG><a name="[16]"></a>TIM15_IRQHandler</STRONG> (Thumb, 0 bytes, Stack size 0 bytes, startup_cs32f036_1.o(.text))
<BR>[Address Reference Count : 1]<UL><LI> startup_cs32f036_1.o(RESET)
</UL>
<P><STRONG><a name="[17]"></a>TIM16_IRQHandler</STRONG> (Thumb, 0 bytes, Stack size 0 bytes, startup_cs32f036_1.o(.text))
<BR>[Address Reference Count : 1]<UL><LI> startup_cs32f036_1.o(RESET)
</UL>
<P><STRONG><a name="[18]"></a>TIM17_IRQHandler</STRONG> (Thumb, 0 bytes, Stack size 0 bytes, startup_cs32f036_1.o(.text))
<BR>[Address Reference Count : 1]<UL><LI> startup_cs32f036_1.o(RESET)
</UL>
<P><STRONG><a name="[11]"></a>TIM1_BRK_UP_TRG_COM_IRQHandler</STRONG> (Thumb, 0 bytes, Stack size 0 bytes, startup_cs32f036_1.o(.text))
<BR>[Address Reference Count : 1]<UL><LI> startup_cs32f036_1.o(RESET)
</UL>
<P><STRONG><a name="[12]"></a>TIM1_CC_IRQHandler</STRONG> (Thumb, 0 bytes, Stack size 0 bytes, startup_cs32f036_1.o(.text))
<BR>[Address Reference Count : 1]<UL><LI> startup_cs32f036_1.o(RESET)
</UL>
<P><STRONG><a name="[13]"></a>TIM3_IRQHandler</STRONG> (Thumb, 0 bytes, Stack size 0 bytes, startup_cs32f036_1.o(.text))
<BR>[Address Reference Count : 1]<UL><LI> startup_cs32f036_1.o(RESET)
</UL>
<P><STRONG><a name="[14]"></a>TIM6_IRQHandler</STRONG> (Thumb, 0 bytes, Stack size 0 bytes, startup_cs32f036_1.o(.text))
<BR>[Address Reference Count : 1]<UL><LI> startup_cs32f036_1.o(RESET)
</UL>
<P><STRONG><a name="[1d]"></a>USART1_IRQHandler</STRONG> (Thumb, 0 bytes, Stack size 0 bytes, startup_cs32f036_1.o(.text))
<BR>[Address Reference Count : 1]<UL><LI> startup_cs32f036_1.o(RESET)
</UL>
<P><STRONG><a name="[1e]"></a>USART2_IRQHandler</STRONG> (Thumb, 0 bytes, Stack size 0 bytes, startup_cs32f036_1.o(.text))
<BR>[Address Reference Count : 1]<UL><LI> startup_cs32f036_1.o(RESET)
</UL>
<P><STRONG><a name="[6]"></a>WWDT_IRQHandler</STRONG> (Thumb, 0 bytes, Stack size 0 bytes, startup_cs32f036_1.o(.text))
<BR>[Address Reference Count : 1]<UL><LI> startup_cs32f036_1.o(RESET)
</UL>
<P><STRONG><a name="[2e]"></a>__aeabi_uidiv</STRONG> (Thumb, 0 bytes, Stack size 12 bytes, uidiv.o(.text))
<BR><BR>[Stack]<UL><LI>Max Depth = 12<LI>Call Chain = __aeabi_uidiv
</UL>
<BR>[Called By]<UL><LI><a href="#[2d]">&gt;&gt;</a>&nbsp;&nbsp;&nbsp;cs_start_systick_config
</UL>

<P><STRONG><a name="[37]"></a>__aeabi_uidivmod</STRONG> (Thumb, 44 bytes, Stack size 12 bytes, uidiv.o(.text), UNUSED)

<P><STRONG><a name="[23]"></a>__scatterload</STRONG> (Thumb, 28 bytes, Stack size 0 bytes, init.o(.text))
<BR><BR>[Calls]<UL><LI><a href="#[24]">&gt;&gt;</a>&nbsp;&nbsp;&nbsp;__main_after_scatterload
</UL>
<BR>[Called By]<UL><LI><a href="#[22]">&gt;&gt;</a>&nbsp;&nbsp;&nbsp;_main_scatterload
</UL>

<P><STRONG><a name="[38]"></a>__scatterload_rt2</STRONG> (Thumb, 0 bytes, Stack size 0 bytes, init.o(.text), UNUSED)

<P><STRONG><a name="[2]"></a>HardFault_Handler</STRONG> (Thumb, 4 bytes, Stack size 0 bytes, cs32f0xx_int.o(.text.HardFault_Handler))
<BR>[Address Reference Count : 1]<UL><LI> startup_cs32f036_1.o(RESET)
</UL>
<P><STRONG><a name="[1]"></a>NMI_Handler</STRONG> (Thumb, 2 bytes, Stack size 0 bytes, cs32f0xx_int.o(.text.NMI_Handler))
<BR>[Address Reference Count : 1]<UL><LI> startup_cs32f036_1.o(RESET)
</UL>
<P><STRONG><a name="[4]"></a>PendSV_Handler</STRONG> (Thumb, 2 bytes, Stack size 0 bytes, cs32f0xx_int.o(.text.PendSV_Handler))
<BR>[Address Reference Count : 1]<UL><LI> startup_cs32f036_1.o(RESET)
</UL>
<P><STRONG><a name="[3]"></a>SVC_Handler</STRONG> (Thumb, 2 bytes, Stack size 0 bytes, cs32f0xx_int.o(.text.SVC_Handler))
<BR>[Address Reference Count : 1]<UL><LI> startup_cs32f036_1.o(RESET)
</UL>
<P><STRONG><a name="[5]"></a>SysTick_Handler</STRONG> (Thumb, 8 bytes, Stack size 8 bytes, cs32f0xx_int.o(.text.SysTick_Handler))
<BR><BR>[Stack]<UL><LI>Max Depth = 8<LI>Call Chain = SysTick_Handler
</UL>
<BR>[Calls]<UL><LI><a href="#[27]">&gt;&gt;</a>&nbsp;&nbsp;&nbsp;timing_delay_decrement
</UL>
<BR>[Address Reference Count : 1]<UL><LI> startup_cs32f036_1.o(RESET)
</UL>
<P><STRONG><a name="[20]"></a>SystemInit</STRONG> (Thumb, 124 bytes, Stack size 8 bytes, system_cs32f0xx.o(.text.SystemInit))
<BR><BR>[Stack]<UL><LI>Max Depth = 8<LI>Call Chain = SystemInit
</UL>
<BR>[Calls]<UL><LI><a href="#[28]">&gt;&gt;</a>&nbsp;&nbsp;&nbsp;SetSysClock
</UL>
<BR>[Address Reference Count : 1]<UL><LI> startup_cs32f036_1.o(.text)
</UL>
<P><STRONG><a name="[29]"></a>cs_start_led2_init</STRONG> (Thumb, 64 bytes, Stack size 32 bytes, led.o(.text.cs_start_led2_init))
<BR><BR>[Stack]<UL><LI>Max Depth = 52<LI>Call Chain = cs_start_led2_init &rArr; gpio_init
</UL>
<BR>[Calls]<UL><LI><a href="#[2c]">&gt;&gt;</a>&nbsp;&nbsp;&nbsp;gpio_bits_reset
<LI><a href="#[2a]">&gt;&gt;</a>&nbsp;&nbsp;&nbsp;rcu_ahb_periph_clock_enable_ctrl
<LI><a href="#[2b]">&gt;&gt;</a>&nbsp;&nbsp;&nbsp;gpio_init
</UL>
<BR>[Called By]<UL><LI><a href="#[1f]">&gt;&gt;</a>&nbsp;&nbsp;&nbsp;main
</UL>

<P><STRONG><a name="[2f]"></a>cs_start_led2_toggle</STRONG> (Thumb, 16 bytes, Stack size 0 bytes, led.o(.text.cs_start_led2_toggle))
<BR><BR>[Called By]<UL><LI><a href="#[1f]">&gt;&gt;</a>&nbsp;&nbsp;&nbsp;main
</UL>

<P><STRONG><a name="[2d]"></a>cs_start_systick_config</STRONG> (Thumb, 24 bytes, Stack size 8 bytes, systick.o(.text.cs_start_systick_config))
<BR><BR>[Stack]<UL><LI>Max Depth = 56<LI>Call Chain = cs_start_systick_config &rArr; SysTick_Config &rArr; __NVIC_SetPriority
</UL>
<BR>[Calls]<UL><LI><a href="#[25]">&gt;&gt;</a>&nbsp;&nbsp;&nbsp;SysTick_Config
<LI><a href="#[2e]">&gt;&gt;</a>&nbsp;&nbsp;&nbsp;__aeabi_uidiv
</UL>
<BR>[Called By]<UL><LI><a href="#[1f]">&gt;&gt;</a>&nbsp;&nbsp;&nbsp;main
</UL>

<P><STRONG><a name="[30]"></a>delay</STRONG> (Thumb, 28 bytes, Stack size 4 bytes, systick.o(.text.delay))
<BR><BR>[Stack]<UL><LI>Max Depth = 4<LI>Call Chain = delay
</UL>
<BR>[Called By]<UL><LI><a href="#[1f]">&gt;&gt;</a>&nbsp;&nbsp;&nbsp;main
</UL>

<P><STRONG><a name="[2c]"></a>gpio_bits_reset</STRONG> (Thumb, 20 bytes, Stack size 8 bytes, cs32f0xx_gpio.o(.text.gpio_bits_reset))
<BR><BR>[Stack]<UL><LI>Max Depth = 8<LI>Call Chain = gpio_bits_reset
</UL>
<BR>[Called By]<UL><LI><a href="#[29]">&gt;&gt;</a>&nbsp;&nbsp;&nbsp;cs_start_led2_init
</UL>

<P><STRONG><a name="[2b]"></a>gpio_init</STRONG> (Thumb, 228 bytes, Stack size 20 bytes, cs32f0xx_gpio.o(.text.gpio_init))
<BR><BR>[Stack]<UL><LI>Max Depth = 20<LI>Call Chain = gpio_init
</UL>
<BR>[Called By]<UL><LI><a href="#[29]">&gt;&gt;</a>&nbsp;&nbsp;&nbsp;cs_start_led2_init
</UL>

<P><STRONG><a name="[1f]"></a>main</STRONG> (Thumb, 30 bytes, Stack size 16 bytes, main.o(.text.main))
<BR><BR>[Stack]<UL><LI>Max Depth = 72<LI>Call Chain = main &rArr; cs_start_systick_config &rArr; SysTick_Config &rArr; __NVIC_SetPriority
</UL>
<BR>[Calls]<UL><LI><a href="#[30]">&gt;&gt;</a>&nbsp;&nbsp;&nbsp;delay
<LI><a href="#[2d]">&gt;&gt;</a>&nbsp;&nbsp;&nbsp;cs_start_systick_config
<LI><a href="#[2f]">&gt;&gt;</a>&nbsp;&nbsp;&nbsp;cs_start_led2_toggle
<LI><a href="#[29]">&gt;&gt;</a>&nbsp;&nbsp;&nbsp;cs_start_led2_init
</UL>
<BR>[Address Reference Count : 1]<UL><LI> entry9a.o(.ARM.Collect$$$$0000000B)
</UL>
<P><STRONG><a name="[2a]"></a>rcu_ahb_periph_clock_enable_ctrl</STRONG> (Thumb, 52 bytes, Stack size 8 bytes, cs32f0xx_rcu_1.o(.text.rcu_ahb_periph_clock_enable_ctrl))
<BR><BR>[Stack]<UL><LI>Max Depth = 8<LI>Call Chain = rcu_ahb_periph_clock_enable_ctrl
</UL>
<BR>[Called By]<UL><LI><a href="#[29]">&gt;&gt;</a>&nbsp;&nbsp;&nbsp;cs_start_led2_init
</UL>

<P><STRONG><a name="[27]"></a>timing_delay_decrement</STRONG> (Thumb, 28 bytes, Stack size 0 bytes, systick.o(.text.timing_delay_decrement))
<BR><BR>[Called By]<UL><LI><a href="#[5]">&gt;&gt;</a>&nbsp;&nbsp;&nbsp;SysTick_Handler
</UL>

<P><STRONG><a name="[39]"></a>__scatterload_copy</STRONG> (Thumb, 14 bytes, Stack size unknown bytes, handlers.o(i.__scatterload_copy), UNUSED)

<P><STRONG><a name="[3a]"></a>__scatterload_null</STRONG> (Thumb, 2 bytes, Stack size unknown bytes, handlers.o(i.__scatterload_null), UNUSED)

<P><STRONG><a name="[3b]"></a>__scatterload_zeroinit</STRONG> (Thumb, 14 bytes, Stack size unknown bytes, handlers.o(i.__scatterload_zeroinit), UNUSED)
<P>
<H3>
Local Symbols
</H3>
<P><STRONG><a name="[25]"></a>SysTick_Config</STRONG> (Thumb, 84 bytes, Stack size 24 bytes, systick.o(.text.SysTick_Config))
<BR><BR>[Stack]<UL><LI>Max Depth = 48<LI>Call Chain = SysTick_Config &rArr; __NVIC_SetPriority
</UL>
<BR>[Calls]<UL><LI><a href="#[26]">&gt;&gt;</a>&nbsp;&nbsp;&nbsp;__NVIC_SetPriority
</UL>
<BR>[Called By]<UL><LI><a href="#[2d]">&gt;&gt;</a>&nbsp;&nbsp;&nbsp;cs_start_systick_config
</UL>

<P><STRONG><a name="[26]"></a>__NVIC_SetPriority</STRONG> (Thumb, 136 bytes, Stack size 24 bytes, systick.o(.text.__NVIC_SetPriority))
<BR><BR>[Stack]<UL><LI>Max Depth = 24<LI>Call Chain = __NVIC_SetPriority
</UL>
<BR>[Called By]<UL><LI><a href="#[25]">&gt;&gt;</a>&nbsp;&nbsp;&nbsp;SysTick_Config
</UL>

<P><STRONG><a name="[28]"></a>SetSysClock</STRONG> (Thumb, 108 bytes, Stack size 0 bytes, system_cs32f0xx.o(.text.SetSysClock))
<BR><BR>[Called By]<UL><LI><a href="#[20]">&gt;&gt;</a>&nbsp;&nbsp;&nbsp;SystemInit
</UL>
<P>
<H3>
Undefined Global Symbols
</H3><HR></body></html>
